Archive member included to satisfy reference by file (symbol)

d:/tools/stm32cubeide_1.5.0/stm32cubeide/plugins/com.st.stm32cube.ide.mcu.externaltools.gnu-tools-for-stm32.7-2018-q2-update.win32_1.5.0.202011040924/tools/bin/../lib/gcc/arm-none-eabi/7.3.1/../../../../arm-none-eabi/lib/thumb/v7-m\libstdc++_nano.a(del_ops.o)
                              App/Src/CPPmain.o (operator delete(void*, unsigned int))
d:/tools/stm32cubeide_1.5.0/stm32cubeide/plugins/com.st.stm32cube.ide.mcu.externaltools.gnu-tools-for-stm32.7-2018-q2-update.win32_1.5.0.202011040924/tools/bin/../lib/gcc/arm-none-eabi/7.3.1/../../../../arm-none-eabi/lib/thumb/v7-m\libstdc++_nano.a(del_op.o)
                              d:/tools/stm32cubeide_1.5.0/stm32cubeide/plugins/com.st.stm32cube.ide.mcu.externaltools.gnu-tools-for-stm32.7-2018-q2-update.win32_1.5.0.202011040924/tools/bin/../lib/gcc/arm-none-eabi/7.3.1/../../../../arm-none-eabi/lib/thumb/v7-m\libstdc++_nano.a(del_ops.o) (operator delete(void*))
d:/tools/stm32cubeide_1.5.0/stm32cubeide/plugins/com.st.stm32cube.ide.mcu.externaltools.gnu-tools-for-stm32.7-2018-q2-update.win32_1.5.0.202011040924/tools/bin/../lib/gcc/arm-none-eabi/7.3.1/../../../../arm-none-eabi/lib/thumb/v7-m\libc_nano.a(lib_a-errno.o)
                              Core/Src/syscalls.o (__errno)
d:/tools/stm32cubeide_1.5.0/stm32cubeide/plugins/com.st.stm32cube.ide.mcu.externaltools.gnu-tools-for-stm32.7-2018-q2-update.win32_1.5.0.202011040924/tools/bin/../lib/gcc/arm-none-eabi/7.3.1/../../../../arm-none-eabi/lib/thumb/v7-m\libc_nano.a(lib_a-exit.o)
                              d:/tools/stm32cubeide_1.5.0/stm32cubeide/plugins/com.st.stm32cube.ide.mcu.externaltools.gnu-tools-for-stm32.7-2018-q2-update.win32_1.5.0.202011040924/tools/bin/../lib/gcc/arm-none-eabi/7.3.1/../../../../arm-none-eabi/lib/thumb/v7-m/crt0.o (exit)
d:/tools/stm32cubeide_1.5.0/stm32cubeide/plugins/com.st.stm32cube.ide.mcu.externaltools.gnu-tools-for-stm32.7-2018-q2-update.win32_1.5.0.202011040924/tools/bin/../lib/gcc/arm-none-eabi/7.3.1/../../../../arm-none-eabi/lib/thumb/v7-m\libc_nano.a(lib_a-impure.o)
                              d:/tools/stm32cubeide_1.5.0/stm32cubeide/plugins/com.st.stm32cube.ide.mcu.externaltools.gnu-tools-for-stm32.7-2018-q2-update.win32_1.5.0.202011040924/tools/bin/../lib/gcc/arm-none-eabi/7.3.1/../../../../arm-none-eabi/lib/thumb/v7-m\libc_nano.a(lib_a-exit.o) (_global_impure_ptr)
d:/tools/stm32cubeide_1.5.0/stm32cubeide/plugins/com.st.stm32cube.ide.mcu.externaltools.gnu-tools-for-stm32.7-2018-q2-update.win32_1.5.0.202011040924/tools/bin/../lib/gcc/arm-none-eabi/7.3.1/../../../../arm-none-eabi/lib/thumb/v7-m\libc_nano.a(lib_a-init.o)
                              d:/tools/stm32cubeide_1.5.0/stm32cubeide/plugins/com.st.stm32cube.ide.mcu.externaltools.gnu-tools-for-stm32.7-2018-q2-update.win32_1.5.0.202011040924/tools/bin/../lib/gcc/arm-none-eabi/7.3.1/../../../../arm-none-eabi/lib/thumb/v7-m/crt0.o (__libc_init_array)
d:/tools/stm32cubeide_1.5.0/stm32cubeide/plugins/com.st.stm32cube.ide.mcu.externaltools.gnu-tools-for-stm32.7-2018-q2-update.win32_1.5.0.202011040924/tools/bin/../lib/gcc/arm-none-eabi/7.3.1/../../../../arm-none-eabi/lib/thumb/v7-m\libc_nano.a(lib_a-malloc.o)
                              d:/tools/stm32cubeide_1.5.0/stm32cubeide/plugins/com.st.stm32cube.ide.mcu.externaltools.gnu-tools-for-stm32.7-2018-q2-update.win32_1.5.0.202011040924/tools/bin/../lib/gcc/arm-none-eabi/7.3.1/../../../../arm-none-eabi/lib/thumb/v7-m\libstdc++_nano.a(del_op.o) (free)
d:/tools/stm32cubeide_1.5.0/stm32cubeide/plugins/com.st.stm32cube.ide.mcu.externaltools.gnu-tools-for-stm32.7-2018-q2-update.win32_1.5.0.202011040924/tools/bin/../lib/gcc/arm-none-eabi/7.3.1/../../../../arm-none-eabi/lib/thumb/v7-m\libc_nano.a(lib_a-memset.o)
                              d:/tools/stm32cubeide_1.5.0/stm32cubeide/plugins/com.st.stm32cube.ide.mcu.externaltools.gnu-tools-for-stm32.7-2018-q2-update.win32_1.5.0.202011040924/tools/bin/../lib/gcc/arm-none-eabi/7.3.1/../../../../arm-none-eabi/lib/thumb/v7-m/crt0.o (memset)
d:/tools/stm32cubeide_1.5.0/stm32cubeide/plugins/com.st.stm32cube.ide.mcu.externaltools.gnu-tools-for-stm32.7-2018-q2-update.win32_1.5.0.202011040924/tools/bin/../lib/gcc/arm-none-eabi/7.3.1/../../../../arm-none-eabi/lib/thumb/v7-m\libc_nano.a(lib_a-nano-freer.o)
                              d:/tools/stm32cubeide_1.5.0/stm32cubeide/plugins/com.st.stm32cube.ide.mcu.externaltools.gnu-tools-for-stm32.7-2018-q2-update.win32_1.5.0.202011040924/tools/bin/../lib/gcc/arm-none-eabi/7.3.1/../../../../arm-none-eabi/lib/thumb/v7-m\libc_nano.a(lib_a-malloc.o) (_free_r)
d:/tools/stm32cubeide_1.5.0/stm32cubeide/plugins/com.st.stm32cube.ide.mcu.externaltools.gnu-tools-for-stm32.7-2018-q2-update.win32_1.5.0.202011040924/tools/bin/../lib/gcc/arm-none-eabi/7.3.1/../../../../arm-none-eabi/lib/thumb/v7-m\libc_nano.a(lib_a-nano-mallocr.o)
[...]
Memory Configuration

Name             Origin             Length             Attributes
RAM              0x0000000020000000 0x0000000000005000 xrw
FLASH            0x0000000008000000 0x0000000000010000 xr
*default*        0x0000000000000000 0xffffffffffffffff

Linker script and memory map

LOAD d:/tools/stm32cubeide_1.5.0/stm32cubeide/plugins/com.st.stm32cube.ide.mcu.externaltools.gnu-tools-for-stm32.7-2018-q2-update.win32_1.5.0.202011040924/tools/bin/../lib/gcc/arm-none-eabi/7.3.1/thumb/v7-m/crti.o
LOAD d:/tools/stm32cubeide_1.5.0/stm32cubeide/plugins/com.st.stm32cube.ide.mcu.externaltools.gnu-tools-for-stm32.7-2018-q2-update.win32_1.5.0.202011040924/tools/bin/../lib/gcc/arm-none-eabi/7.3.1/thumb/v7-m/crtbegin.o
LOAD d:/tools/stm32cubeide_1.5.0/stm32cubeide/plugins/com.st.stm32cube.ide.mcu.externaltools.gnu-tools-for-stm32.7-2018-q2-update.win32_1.5.0.202011040924/tools/bin/../lib/gcc/arm-none-eabi/7.3.1/../../../../arm-none-eabi/lib/thumb/v7-m/crt0.o
LOAD App/Src/CPPmain.o
LOAD Core/Src/gpio.o
LOAD Core/Src/main.o
LOAD Core/Src/stm32f1xx_hal_msp.o
LOAD Core/Src/stm32f1xx_it.o
LOAD Core/Src/syscalls.o
LOAD Core/Src/sysmem.o
LOAD Core/Src/system_stm32f1xx.o
LOAD Core/Src/tim.o
LOAD Core/Src/usart.o
LOAD Core/Startup/startup_stm32f103c8tx.o
LOAD Drivers/STM32F1xx_HAL_Driver/Src/stm32f1xx_hal.o
LOAD Drivers/STM32F1xx_HAL_Driver/Src/stm32f1xx_hal_cortex.o
LOAD Drivers/STM32F1xx_HAL_Driver/Src/stm32f1xx_hal_dma.o
LOAD Drivers/STM32F1xx_HAL_Driver/Src/stm32f1xx_hal_exti.o
LOAD Drivers/STM32F1xx_HAL_Driver/Src/stm32f1xx_hal_flash.o
LOAD Drivers/STM32F1xx_HAL_Driver/Src/stm32f1xx_hal_flash_ex.o
LOAD Drivers/STM32F1xx_HAL_Driver/Src/stm32f1xx_hal_gpio.o
LOAD Drivers/STM32F1xx_HAL_Driver/Src/stm32f1xx_hal_gpio_ex.o
LOAD Drivers/STM32F1xx_HAL_Driver/Src/stm32f1xx_hal_pwr.o
LOAD Drivers/STM32F1xx_HAL_Driver/Src/stm32f1xx_hal_rcc.o
LOAD Drivers/STM32F1xx_HAL_Driver/Src/stm32f1xx_hal_rcc_ex.o
LOAD Drivers/STM32F1xx_HAL_Driver/Src/stm32f1xx_hal_tim.o
LOAD Drivers/STM32F1xx_HAL_Driver/Src/stm32f1xx_hal_tim_ex.o
LOAD Drivers/STM32F1xx_HAL_Driver/Src/stm32f1xx_hal_uart.o
LOAD Hardware/Src/Button.o
LOAD Hardware/Src/Encoder.o
LOAD Hardware/Src/Motor.o
START GROUP
LOAD d:/tools/stm32cubeide_1.5.0/stm32cubeide/plugins/com.st.stm32cube.ide.mcu.externaltools.gnu-tools-for-stm32.7-2018-q2-update.win32_1.5.0.202011040924/tools/bin/../lib/gcc/arm-none-eabi/7.3.1/../../../../arm-none-eabi/lib/thumb/v7-m\libstdc++_nano.a
LOAD d:/tools/stm32cubeide_1.5.0/stm32cubeide/plugins/com.st.stm32cube.ide.mcu.externaltools.gnu-tools-for-stm32.7-2018-q2-update.win32_1.5.0.202011040924/tools/bin/../lib/gcc/arm-none-eabi/7.3.1/../../../../arm-none-eabi/lib/thumb/v7-m\libsupc++_nano.a
END GROUP
LOAD d:/tools/stm32cubeide_1.5.0/stm32cubeide/plugins/com.st.stm32cube.ide.mcu.externaltools.gnu-tools-for-stm32.7-2018-q2-update.win32_1.5.0.202011040924/tools/bin/../lib/gcc/arm-none-eabi/7.3.1/../../../../arm-none-eabi/lib/thumb/v7-m\libstdc++_nano.a
LOAD d:/tools/stm32cubeide_1.5.0/stm32cubeide/plugins/com.st.stm32cube.ide.mcu.externaltools.gnu-tools-for-stm32.7-2018-q2-update.win32_1.5.0.202011040924/tools/bin/../lib/gcc/arm-none-eabi/7.3.1/../../../../arm-none-eabi/lib/thumb/v7-m\libm.a
LOAD d:/tools/stm32cubeide_1.5.0/stm32cubeide/plugins/com.st.stm32cube.ide.mcu.externaltools.gnu-tools-for-stm32.7-2018-q2-update.win32_1.5.0.202011040924/tools/bin/../lib/gcc/arm-none-eabi/7.3.1/../../../../arm-none-eabi/lib/thumb/v7-m\libc_nano.a
START GROUP
LOAD d:/tools/stm32cubeide_1.5.0/stm32cubeide/plugins/com.st.stm32cube.ide.mcu.externaltools.gnu-tools-for-stm32.7-2018-q2-update.win32_1.5.0.202011040924/tools/bin/../lib/gcc/arm-none-eabi/7.3.1/thumb/v7-m\libgcc.a
LOAD d:/tools/stm32cubeide_1.5.0/stm32cubeide/plugins/com.st.stm32cube.ide.mcu.externaltools.gnu-tools-for-stm32.7-2018-q2-update.win32_1.5.0.202011040924/tools/bin/../lib/gcc/arm-none-eabi/7.3.1/../../../../arm-none-eabi/lib/thumb/v7-m\libc_nano.a
END GROUP
START GROUP
LOAD d:/tools/stm32cubeide_1.5.0/stm32cubeide/plugins/com.st.stm32cube.ide.mcu.externaltools.gnu-tools-for-stm32.7-2018-q2-update.win32_1.5.0.202011040924/tools/bin/../lib/gcc/arm-none-eabi/7.3.1/thumb/v7-m\libgcc.a
LOAD d:/tools/stm32cubeide_1.5.0/stm32cubeide/plugins/com.st.stm32cube.ide.mcu.externaltools.gnu-tools-for-stm32.7-2018-q2-update.win32_1.5.0.202011040924/tools/bin/../lib/gcc/arm-none-eabi/7.3.1/../../../../arm-none-eabi/lib/thumb/v7-m\libc_nano.a
LOAD d:/tools/stm32cubeide_1.5.0/stm32cubeide/plugins/com.st.stm32cube.ide.mcu.externaltools.gnu-tools-for-stm32.7-2018-q2-update.win32_1.5.0.202011040924/tools/bin/../lib/gcc/arm-none-eabi/7.3.1/../../../../arm-none-eabi/lib/thumb/v7-m\libnosys.a
END GROUP
START GROUP
LOAD d:/tools/stm32cubeide_1.5.0/stm32cubeide/plugins/com.st.stm32cube.ide.mcu.externaltools.gnu-tools-for-stm32.7-2018-q2-update.win32_1.5.0.202011040924/tools/bin/../lib/gcc/arm-none-eabi/7.3.1/thumb/v7-m\libgcc.a
LOAD d:/tools/stm32cubeide_1.5.0/stm32cubeide/plugins/com.st.stm32cube.ide.mcu.externaltools.gnu-tools-for-stm32.7-2018-q2-update.win32_1.5.0.202011040924/tools/bin/../lib/gcc/arm-none-eabi/7.3.1/../../../../arm-none-eabi/lib/thumb/v7-m\libc_nano.a
LOAD d:/tools/stm32cubeide_1.5.0/stm32cubeide/plugins/com.st.stm32cube.ide.mcu.externaltools.gnu-tools-for-stm32.7-2018-q2-update.win32_1.5.0.202011040924/tools/bin/../lib/gcc/arm-none-eabi/7.3.1/../../../../arm-none-eabi/lib/thumb/v7-m\libnosys.a
END GROUP
LOAD d:/tools/stm32cubeide_1.5.0/stm32cubeide/plugins/com.st.stm32cube.ide.mcu.externaltools.gnu-tools-for-stm32.7-2018-q2-update.win32_1.5.0.202011040924/tools/bin/../lib/gcc/arm-none-eabi/7.3.1/thumb/v7-m/crtend.o
LOAD d:/tools/stm32cubeide_1.5.0/stm32cubeide/plugins/com.st.stm32cube.ide.mcu.externaltools.gnu-tools-for-stm32.7-2018-q2-update.win32_1.5.0.202011040924/tools/bin/../lib/gcc/arm-none-eabi/7.3.1/thumb/v7-m/crtn.o
                0x0000000020005000                _estack = (ORIGIN (RAM) + LENGTH (RAM))
                0x0000000000000200                _Min_Heap_Size = 0x200
                0x0000000000000400                _Min_Stack_Size = 0x400

.isr_vector     0x0000000008000000      0x10c
                0x0000000008000000                . = ALIGN (0x4)
 *(.isr_vector)
 .isr_vector    0x0000000008000000      0x10c Core/Startup/startup_stm32f103c8tx.o
                0x0000000008000000                g_pfnVectors
                0x000000000800010c                . = ALIGN (0x4)

.text           0x000000000800010c     0x3f7c
                0x000000000800010c                . = ALIGN (0x4)
 *(.text)
 .text          0x000000000800010c       0x40 d:/tools/stm32cubeide_1.5.0/stm32cubeide/plugins/com.st.stm32cube.ide.mcu.externaltools.gnu-tools-for-stm32.7-2018-q2-update.win32_1.5.0.202011040924/tools/bin/../lib/gcc/arm-none-eabi/7.3.1/thumb/v7-m/crtbegin.o
 *(.text*)
 .text._ZN6ButtonC2EP12GPIO_TypeDeft
                0x000000000800014c       0x2c App/Src/CPPmain.o
                0x000000000800014c                Button::Button(GPIO_TypeDef*, unsigned short)
                0x000000000800014c                Button::Button(GPIO_TypeDef*, unsigned short)
 .text._ZN7EncoderC2EP17TIM_HandleTypeDef
                0x0000000008000178       0x32 App/Src/CPPmain.o
                0x0000000008000178                Encoder::Encoder(TIM_HandleTypeDef*)
                0x0000000008000178                Encoder::Encoder(TIM_HandleTypeDef*)
 *fill*         0x00000000080001aa        0x2 
 .text._ZN7Encoder15getEncoderCountEv
                0x00000000080001ac       0x40 App/Src/CPPmain.o
                0x00000000080001ac                Encoder::getEncoderCount()
 .text._ZN5MotorC2EP17TIM_HandleTypeDefmP12GPIO_TypeDeftt
                0x00000000080001ec       0x50 App/Src/CPPmain.o
                0x00000000080001ec                Motor::Motor(TIM_HandleTypeDef*, unsigned long, GPIO_TypeDef*, unsigned short, unsigned short)
                0x00000000080001ec                Motor::Motor(TIM_HandleTypeDef*, unsigned long, GPIO_TypeDef*, unsigned short, unsigned short)
 .text._ZN5Motor8frontRunEv
                0x000000000800023c       0x30 App/Src/CPPmain.o
                0x000000000800023c                Motor::frontRun()
 .text._ZN5MotorD2Ev
                0x000000000800026c       0x20 App/Src/CPPmain.o
                0x000000000800026c                Motor::~Motor()
                0x000000000800026c                Motor::~Motor()
 .text._ZN5MotorD0Ev
                0x000000000800028c       0x20 App/Src/CPPmain.o
                0x000000000800028c                Motor::~Motor()
 .text.CppMain  0x00000000080002ac       0x6c App/Src/CPPmain.o
                0x00000000080002ac                CppMain
 .text.MX_GPIO_Init
                0x0000000008000318      0x108 Core/Src/gpio.o
                0x0000000008000318                MX_GPIO_Init
 .text.main     0x0000000008000420       0x22 Core/Src/main.o
                0x0000000008000420                main
 .text.SystemClock_Config
                0x0000000008000442       0x8a Core/Src/main.o
                0x0000000008000442                SystemClock_Config
 .text.Error_Handler
                0x00000000080004cc        0x8 Core/Src/main.o
                0x00000000080004cc                Error_Handler
 .text.HAL_MspInit
                0x00000000080004d4       0x64 Core/Src/stm32f1xx_hal_msp.o
                0x00000000080004d4                HAL_MspInit
 .text.NMI_Handler
                0x0000000008000538        0x6 Core/Src/stm32f1xx_it.o
                0x0000000008000538                NMI_Handler
 .text.HardFault_Handler
                0x000000000800053e        0x6 Core/Src/stm32f1xx_it.o
                0x000000000800053e                HardFault_Handler
 .text.MemManage_Handler
                0x0000000008000544        0x6 Core/Src/stm32f1xx_it.o
                0x0000000008000544                MemManage_Handler
 .text.BusFault_Handler
                0x000000000800054a        0x6 Core/Src/stm32f1xx_it.o
                0x000000000800054a                BusFault_Handler
 .text.UsageFault_Handler
                0x0000000008000550        0x6 Core/Src/stm32f1xx_it.o
                0x0000000008000550                UsageFault_Handler
 .text.SVC_Handler
                0x0000000008000556        0xc Core/Src/stm32f1xx_it.o
                0x0000000008000556                SVC_Handler
 .text.DebugMon_Handler
                0x0000000008000562        0xc Core/Src/stm32f1xx_it.o
                0x0000000008000562                DebugMon_Handler
 .text.PendSV_Handler
                0x000000000800056e        0xc Core/Src/stm32f1xx_it.o
                0x000000000800056e                PendSV_Handler
 .text.SysTick_Handler
                0x000000000800057a        0xc Core/Src/stm32f1xx_it.o
                0x000000000800057a                SysTick_Handler
 .text.EXTI9_5_IRQHandler
                0x0000000008000586       0x10 Core/Src/stm32f1xx_it.o
                0x0000000008000586                EXTI9_5_IRQHandler
 *fill*         0x0000000008000596        0x2 
 .text.USART1_IRQHandler
                0x0000000008000598       0x14 Core/Src/stm32f1xx_it.o
                0x0000000008000598                USART1_IRQHandler
 .text._read    0x00000000080005ac       0x3a Core/Src/syscalls.o
                0x00000000080005ac                _read
 .text._write   0x00000000080005e6       0x38 Core/Src/syscalls.o
                0x00000000080005e6                _write
 .text._close   0x000000000800061e       0x16 Core/Src/syscalls.o
                0x000000000800061e                _close
 .text._fstat   0x0000000008000634       0x1e Core/Src/syscalls.o
                0x0000000008000634                _fstat
 .text._isatty  0x0000000008000652       0x14 Core/Src/syscalls.o
                0x0000000008000652                _isatty
 .text._lseek   0x0000000008000666       0x18 Core/Src/syscalls.o
                0x0000000008000666                _lseek
 *fill*         0x000000000800067e        0x2 
 .text._sbrk    0x0000000008000680       0x6c Core/Src/sysmem.o
                0x0000000008000680                _sbrk
 .text.SystemInit
                0x00000000080006ec        0xc Core/Src/system_stm32f1xx.o
                0x00000000080006ec                SystemInit
 .text.MX_TIM3_Init
                0x00000000080006f8       0xec Core/Src/tim.o
                0x00000000080006f8                MX_TIM3_Init
 .text.MX_TIM4_Init
                0x00000000080007e4       0xa8 Core/Src/tim.o
                0x00000000080007e4                MX_TIM4_Init
 .text.HAL_TIM_Base_MspInit
                0x000000000800088c       0x3c Core/Src/tim.o
                0x000000000800088c                HAL_TIM_Base_MspInit
 .text.HAL_TIM_Encoder_MspInit
                0x00000000080008c8       0x7c Core/Src/tim.o
                0x00000000080008c8                HAL_TIM_Encoder_MspInit
 .text.HAL_TIM_MspPostInit
                0x0000000008000944       0x64 Core/Src/tim.o
                0x0000000008000944                HAL_TIM_MspPostInit
 .text.MX_USART1_UART_Init
                0x00000000080009a8       0x54 Core/Src/usart.o
                0x00000000080009a8                MX_USART1_UART_Init
 .text.HAL_UART_MspInit
                0x00000000080009fc       0xa8 Core/Src/usart.o
                0x00000000080009fc                HAL_UART_MspInit
 .text.__io_putchar
                0x0000000008000aa4       0x24 Core/Src/usart.o
                0x0000000008000aa4                __io_putchar
 .text.Reset_Handler
                0x0000000008000ac8       0x48 Core/Startup/startup_stm32f103c8tx.o
                0x0000000008000ac8                Reset_Handler
 .text.Default_Handler
                0x0000000008000b10        0x2 Core/Startup/startup_stm32f103c8tx.o
                0x0000000008000b10                RTC_Alarm_IRQHandler
                0x0000000008000b10                EXTI2_IRQHandler
                0x0000000008000b10                TIM1_CC_IRQHandler
                0x0000000008000b10                PVD_IRQHandler
                0x0000000008000b10                EXTI3_IRQHandler
                0x0000000008000b10                EXTI0_IRQHandler
                0x0000000008000b10                I2C2_EV_IRQHandler
                0x0000000008000b10                ADC1_2_IRQHandler
                0x0000000008000b10                SPI1_IRQHandler
                0x0000000008000b10                TAMPER_IRQHandler
                0x0000000008000b10                DMA1_Channel4_IRQHandler
                0x0000000008000b10                USART3_IRQHandler
                0x0000000008000b10                RTC_IRQHandler
                0x0000000008000b10                DMA1_Channel7_IRQHandler
                0x0000000008000b10                CAN1_RX1_IRQHandler
                0x0000000008000b10                TIM4_IRQHandler
                0x0000000008000b10                I2C1_EV_IRQHandler
                0x0000000008000b10                DMA1_Channel6_IRQHandler
                0x0000000008000b10                TIM3_IRQHandler
                0x0000000008000b10                RCC_IRQHandler
                0x0000000008000b10                TIM1_TRG_COM_IRQHandler
                0x0000000008000b10                DMA1_Channel1_IRQHandler
                0x0000000008000b10                Default_Handler
                0x0000000008000b10                EXTI15_10_IRQHandler
                0x0000000008000b10                SPI2_IRQHandler
                0x0000000008000b10                DMA1_Channel5_IRQHandler
                0x0000000008000b10                EXTI4_IRQHandler
                0x0000000008000b10                USB_LP_CAN1_RX0_IRQHandler
                0x0000000008000b10                USB_HP_CAN1_TX_IRQHandler
                0x0000000008000b10                DMA1_Channel3_IRQHandler
                0x0000000008000b10                TIM1_UP_IRQHandler
                0x0000000008000b10                WWDG_IRQHandler
                0x0000000008000b10                TIM2_IRQHandler
                0x0000000008000b10                TIM1_BRK_IRQHandler
                0x0000000008000b10                EXTI1_IRQHandler
                0x0000000008000b10                USART2_IRQHandler
                0x0000000008000b10                I2C2_ER_IRQHandler
                0x0000000008000b10                DMA1_Channel2_IRQHandler
                0x0000000008000b10                CAN1_SCE_IRQHandler
                0x0000000008000b10                FLASH_IRQHandler
                0x0000000008000b10                I2C1_ER_IRQHandler
                0x0000000008000b10                USBWakeUp_IRQHandler
 *fill*         0x0000000008000b12        0x2 
 .text.HAL_Init
                0x0000000008000b14       0x2c Drivers/STM32F1xx_HAL_Driver/Src/stm32f1xx_hal.o
                0x0000000008000b14                HAL_Init
 .text.HAL_InitTick
                0x0000000008000b40       0x60 Drivers/STM32F1xx_HAL_Driver/Src/stm32f1xx_hal.o
                0x0000000008000b40                HAL_InitTick
 .text.HAL_IncTick
                0x0000000008000ba0       0x24 Drivers/STM32F1xx_HAL_Driver/Src/stm32f1xx_hal.o
                0x0000000008000ba0                HAL_IncTick
 .text.HAL_GetTick
                0x0000000008000bc4       0x14 Drivers/STM32F1xx_HAL_Driver/Src/stm32f1xx_hal.o
                0x0000000008000bc4                HAL_GetTick
 .text.HAL_Delay
                0x0000000008000bd8       0x44 Drivers/STM32F1xx_HAL_Driver/Src/stm32f1xx_hal.o
                0x0000000008000bd8                HAL_Delay
 .text.__NVIC_SetPriorityGrouping
                0x0000000008000c1c       0x48 Drivers/STM32F1xx_HAL_Driver/Src/stm32f1xx_hal_cortex.o
 .text.__NVIC_GetPriorityGrouping
                0x0000000008000c64       0x1c Drivers/STM32F1xx_HAL_Driver/Src/stm32f1xx_hal_cortex.o
 .text.__NVIC_EnableIRQ
                0x0000000008000c80       0x38 Drivers/STM32F1xx_HAL_Driver/Src/stm32f1xx_hal_cortex.o
 .text.__NVIC_SetPriority
                0x0000000008000cb8       0x54 Drivers/STM32F1xx_HAL_Driver/Src/stm32f1xx_hal_cortex.o
 .text.NVIC_EncodePriority
                0x0000000008000d0c       0x64 Drivers/STM32F1xx_HAL_Driver/Src/stm32f1xx_hal_cortex.o
 .text.SysTick_Config
                0x0000000008000d70       0x44 Drivers/STM32F1xx_HAL_Driver/Src/stm32f1xx_hal_cortex.o
 .text.HAL_NVIC_SetPriorityGrouping
                0x0000000008000db4       0x16 Drivers/STM32F1xx_HAL_Driver/Src/stm32f1xx_hal_cortex.o
                0x0000000008000db4                HAL_NVIC_SetPriorityGrouping
 .text.HAL_NVIC_SetPriority
                0x0000000008000dca       0x38 Drivers/STM32F1xx_HAL_Driver/Src/stm32f1xx_hal_cortex.o
                0x0000000008000dca                HAL_NVIC_SetPriority
 .text.HAL_NVIC_EnableIRQ
                0x0000000008000e02       0x1c Drivers/STM32F1xx_HAL_Driver/Src/stm32f1xx_hal_cortex.o
                0x0000000008000e02                HAL_NVIC_EnableIRQ
 .text.HAL_SYSTICK_Config
                0x0000000008000e1e       0x18 Drivers/STM32F1xx_HAL_Driver/Src/stm32f1xx_hal_cortex.o
                0x0000000008000e1e                HAL_SYSTICK_Config
 *fill*         0x0000000008000e36        0x2 
 .text.HAL_DMA_Abort_IT
                0x0000000008000e38       0xec Drivers/STM32F1xx_HAL_Driver/Src/stm32f1xx_hal_dma.o
                0x0000000008000e38                HAL_DMA_Abort_IT
 .text.HAL_GPIO_Init
                0x0000000008000f24      0x2b4 Drivers/STM32F1xx_HAL_Driver/Src/stm32f1xx_hal_gpio.o
                0x0000000008000f24                HAL_GPIO_Init
 .text.HAL_GPIO_ReadPin
                0x00000000080011d8       0x2e Drivers/STM32F1xx_HAL_Driver/Src/stm32f1xx_hal_gpio.o
                0x00000000080011d8                HAL_GPIO_ReadPin
 .text.HAL_GPIO_WritePin
                0x0000000008001206       0x30 Drivers/STM32F1xx_HAL_Driver/Src/stm32f1xx_hal_gpio.o
                0x0000000008001206                HAL_GPIO_WritePin
 .text.HAL_GPIO_TogglePin
                0x0000000008001236       0x32 Drivers/STM32F1xx_HAL_Driver/Src/stm32f1xx_hal_gpio.o
                0x0000000008001236                HAL_GPIO_TogglePin
 .text.HAL_GPIO_EXTI_IRQHandler
                0x0000000008001268       0x30 Drivers/STM32F1xx_HAL_Driver/Src/stm32f1xx_hal_gpio.o
                0x0000000008001268                HAL_GPIO_EXTI_IRQHandler
 .text.HAL_RCC_OscConfig
                0x0000000008001298      0x500 Drivers/STM32F1xx_HAL_Driver/Src/stm32f1xx_hal_rcc.o
                0x0000000008001298                HAL_RCC_OscConfig
 .text.HAL_RCC_ClockConfig
                0x0000000008001798      0x1d4 Drivers/STM32F1xx_HAL_Driver/Src/stm32f1xx_hal_rcc.o
                0x0000000008001798                HAL_RCC_ClockConfig
 .text.HAL_RCC_GetSysClockFreq
                0x000000000800196c       0xc4 Drivers/STM32F1xx_HAL_Driver/Src/stm32f1xx_hal_rcc.o
                0x000000000800196c                HAL_RCC_GetSysClockFreq
 .text.HAL_RCC_GetHCLKFreq
                0x0000000008001a30       0x14 Drivers/STM32F1xx_HAL_Driver/Src/stm32f1xx_hal_rcc.o
                0x0000000008001a30                HAL_RCC_GetHCLKFreq
 .text.HAL_RCC_GetPCLK1Freq
                0x0000000008001a44       0x28 Drivers/STM32F1xx_HAL_Driver/Src/stm32f1xx_hal_rcc.o
                0x0000000008001a44                HAL_RCC_GetPCLK1Freq
 .text.HAL_RCC_GetPCLK2Freq
                0x0000000008001a6c       0x28 Drivers/STM32F1xx_HAL_Driver/Src/stm32f1xx_hal_rcc.o
                0x0000000008001a6c                HAL_RCC_GetPCLK2Freq
 .text.RCC_Delay
                0x0000000008001a94       0x3c Drivers/STM32F1xx_HAL_Driver/Src/stm32f1xx_hal_rcc.o
 .text.HAL_TIM_Base_Init
                0x0000000008001ad0       0x9e Drivers/STM32F1xx_HAL_Driver/Src/stm32f1xx_hal_tim.o
                0x0000000008001ad0                HAL_TIM_Base_Init
 .text.HAL_TIM_PWM_Init
                0x0000000008001b6e       0x9e Drivers/STM32F1xx_HAL_Driver/Src/stm32f1xx_hal_tim.o
                0x0000000008001b6e                HAL_TIM_PWM_Init
 .text.HAL_TIM_PWM_MspInit
                0x0000000008001c0c       0x12 Drivers/STM32F1xx_HAL_Driver/Src/stm32f1xx_hal_tim.o
                0x0000000008001c0c                HAL_TIM_PWM_MspInit
 *fill*         0x0000000008001c1e        0x2 
 .text.HAL_TIM_PWM_Start
                0x0000000008001c20      0x144 Drivers/STM32F1xx_HAL_Driver/Src/stm32f1xx_hal_tim.o
                0x0000000008001c20                HAL_TIM_PWM_Start
 .text.HAL_TIM_Encoder_Init
                0x0000000008001d64      0x144 Drivers/STM32F1xx_HAL_Driver/Src/stm32f1xx_hal_tim.o
                0x0000000008001d64                HAL_TIM_Encoder_Init
 .text.HAL_TIM_Encoder_Start
                0x0000000008001ea8      0x11a Drivers/STM32F1xx_HAL_Driver/Src/stm32f1xx_hal_tim.o
                0x0000000008001ea8                HAL_TIM_Encoder_Start
 *fill*         0x0000000008001fc2        0x2 
 .text.HAL_TIM_PWM_ConfigChannel
                0x0000000008001fc4      0x17c Drivers/STM32F1xx_HAL_Driver/Src/stm32f1xx_hal_tim.o
                0x0000000008001fc4                HAL_TIM_PWM_ConfigChannel
 .text.HAL_TIM_ConfigClockSource
                0x0000000008002140      0x16e Drivers/STM32F1xx_HAL_Driver/Src/stm32f1xx_hal_tim.o
                0x0000000008002140                HAL_TIM_ConfigClockSource
 *fill*         0x00000000080022ae        0x2 
 .text.TIM_Base_SetConfig
                0x00000000080022b0       0xc4 Drivers/STM32F1xx_HAL_Driver/Src/stm32f1xx_hal_tim.o
                0x00000000080022b0                TIM_Base_SetConfig
 .text.TIM_OC1_SetConfig
                0x0000000008002374       0xcc Drivers/STM32F1xx_HAL_Driver/Src/stm32f1xx_hal_tim.o
 .text.TIM_OC2_SetConfig
                0x0000000008002440       0xd4 Drivers/STM32F1xx_HAL_Driver/Src/stm32f1xx_hal_tim.o
                0x0000000008002440                TIM_OC2_SetConfig
 .text.TIM_OC3_SetConfig
                0x0000000008002514       0xd4 Drivers/STM32F1xx_HAL_Driver/Src/stm32f1xx_hal_tim.o
 .text.TIM_OC4_SetConfig
                0x00000000080025e8       0x9c Drivers/STM32F1xx_HAL_Driver/Src/stm32f1xx_hal_tim.o
 .text.TIM_TI1_ConfigInputStage
                0x0000000008002684       0x5c Drivers/STM32F1xx_HAL_Driver/Src/stm32f1xx_hal_tim.o
 .text.TIM_TI2_ConfigInputStage
                0x00000000080026e0       0x5e Drivers/STM32F1xx_HAL_Driver/Src/stm32f1xx_hal_tim.o
 .text.TIM_ITRx_SetConfig
                0x000000000800273e       0x34 Drivers/STM32F1xx_HAL_Driver/Src/stm32f1xx_hal_tim.o
 .text.TIM_ETR_SetConfig
                0x0000000008002772       0x3e Drivers/STM32F1xx_HAL_Driver/Src/stm32f1xx_hal_tim.o
                0x0000000008002772                TIM_ETR_SetConfig
 .text.TIM_CCxChannelCmd
                0x00000000080027b0       0x48 Drivers/STM32F1xx_HAL_Driver/Src/stm32f1xx_hal_tim.o
                0x00000000080027b0                TIM_CCxChannelCmd
 .text.HAL_TIMEx_MasterConfigSynchronization
                0x00000000080027f8       0xbc Drivers/STM32F1xx_HAL_Driver/Src/stm32f1xx_hal_tim_ex.o
                0x00000000080027f8                HAL_TIMEx_MasterConfigSynchronization
 .text.HAL_UART_Init
                0x00000000080028b4       0x9a Drivers/STM32F1xx_HAL_Driver/Src/stm32f1xx_hal_uart.o
                0x00000000080028b4                HAL_UART_Init
 .text.HAL_UART_Transmit
                0x000000000800294e      0x124 Drivers/STM32F1xx_HAL_Driver/Src/stm32f1xx_hal_uart.o
                0x000000000800294e                HAL_UART_Transmit
 *fill*         0x0000000008002a72        0x2 
 .text.HAL_UART_IRQHandler
                0x0000000008002a74      0x200 Drivers/STM32F1xx_HAL_Driver/Src/stm32f1xx_hal_uart.o
                0x0000000008002a74                HAL_UART_IRQHandler
 .text.HAL_UART_TxCpltCallback
                0x0000000008002c74       0x12 Drivers/STM32F1xx_HAL_Driver/Src/stm32f1xx_hal_uart.o
                0x0000000008002c74                HAL_UART_TxCpltCallback
 .text.HAL_UART_RxCpltCallback
                0x0000000008002c86       0x12 Drivers/STM32F1xx_HAL_Driver/Src/stm32f1xx_hal_uart.o
                0x0000000008002c86                HAL_UART_RxCpltCallback
 .text.HAL_UART_ErrorCallback
                0x0000000008002c98       0x12 Drivers/STM32F1xx_HAL_Driver/Src/stm32f1xx_hal_uart.o
                0x0000000008002c98                HAL_UART_ErrorCallback
 .text.UART_WaitOnFlagUntilTimeout
                0x0000000008002caa       0x94 Drivers/STM32F1xx_HAL_Driver/Src/stm32f1xx_hal_uart.o
 .text.UART_EndRxTransfer
                0x0000000008002d3e       0x3a Drivers/STM32F1xx_HAL_Driver/Src/stm32f1xx_hal_uart.o
 .text.UART_DMAAbortOnError
                0x0000000008002d78       0x28 Drivers/STM32F1xx_HAL_Driver/Src/stm32f1xx_hal_uart.o
 .text.UART_Transmit_IT
                0x0000000008002da0       0x9e Drivers/STM32F1xx_HAL_Driver/Src/stm32f1xx_hal_uart.o
 .text.UART_EndTransmit_IT
                0x0000000008002e3e       0x30 Drivers/STM32F1xx_HAL_Driver/Src/stm32f1xx_hal_uart.o
 .text.UART_Receive_IT
                0x0000000008002e6e      0x100 Drivers/STM32F1xx_HAL_Driver/Src/stm32f1xx_hal_uart.o
 *fill*         0x0000000008002f6e        0x2 
 .text.UART_SetConfig
                0x0000000008002f70      0x11c Drivers/STM32F1xx_HAL_Driver/Src/stm32f1xx_hal_uart.o
 .text._ZN5Motor9toggleRunEv
                0x000000000800308c       0x30 Hardware/Src/Button.o
                0x000000000800308c                Motor::toggleRun()
 .text._ZN6Button10buttonScanEP5Motor
                0x00000000080030bc       0x3c Hardware/Src/Button.o
                0x00000000080030bc                Button::buttonScan(Motor*)
 .text.HAL_GPIO_EXTI_Callback
                0x00000000080030f8       0x58 Hardware/Src/Button.o
                0x00000000080030f8                HAL_GPIO_EXTI_Callback
 .text._ZdlPvj  0x0000000008003150        0x4 d:/tools/stm32cubeide_1.5.0/stm32cubeide/plugins/com.st.stm32cube.ide.mcu.externaltools.gnu-tools-for-stm32.7-2018-q2-update.win32_1.5.0.202011040924/tools/bin/../lib/gcc/arm-none-eabi/7.3.1/../../../../arm-none-eabi/lib/thumb/v7-m\libstdc++_nano.a(del_ops.o)
                0x0000000008003150                operator delete(void*, unsigned int)
 .text._ZdlPv   0x0000000008003154        0x4 d:/tools/stm32cubeide_1.5.0/stm32cubeide/plugins/com.st.stm32cube.ide.mcu.externaltools.gnu-tools-for-stm32.7-2018-q2-update.win32_1.5.0.202011040924/tools/bin/../lib/gcc/arm-none-eabi/7.3.1/../../../../arm-none-eabi/lib/thumb/v7-m\libstdc++_nano.a(del_op.o)
                0x0000000008003154                operator delete(void*)
 .text.__errno  0x0000000008003158        0xc d:/tools/stm32cubeide_1.5.0/stm32cubeide/plugins/com.st.stm32cube.ide.mcu.externaltools.gnu-tools-for-stm32.7-2018-q2-update.win32_1.5.0.202011040924/tools/bin/../lib/gcc/arm-none-eabi/7.3.1/../../../../arm-none-eabi/lib/thumb/v7-m\libc_nano.a(lib_a-errno.o)
                0x0000000008003158                __errno
 .text.__libc_init_array
                0x0000000008003164       0x48 d:/tools/stm32cubeide_1.5.0/stm32cubeide/plugins/com.st.stm32cube.ide.mcu.externaltools.gnu-tools-for-stm32.7-2018-q2-update.win32_1.5.0.202011040924/tools/bin/../lib/gcc/arm-none-eabi/7.3.1/../../../../arm-none-eabi/lib/thumb/v7-m\libc_nano.a(lib_a-init.o)
                0x0000000008003164                __libc_init_array
 .text.free     0x00000000080031ac       0x10 d:/tools/stm32cubeide_1.5.0/stm32cubeide/plugins/com.st.stm32cube.ide.mcu.externaltools.gnu-tools-for-stm32.7-2018-q2-update.win32_1.5.0.202011040924/tools/bin/../lib/gcc/arm-none-eabi/7.3.1/../../../../arm-none-eabi/lib/thumb/v7-m\libc_nano.a(lib_a-malloc.o)
                0x00000000080031ac                free
 .text.memset   0x00000000080031bc       0x10 d:/tools/stm32cubeide_1.5.0/stm32cubeide/plugins/com.st.stm32cube.ide.mcu.externaltools.gnu-tools-for-stm32.7-2018-q2-update.win32_1.5.0.202011040924/tools/bin/../lib/gcc/arm-none-eabi/7.3.1/../../../../arm-none-eabi/lib/thumb/v7-m\libc_nano.a(lib_a-memset.o)
                0x00000000080031bc                memset
 .text._free_r  0x00000000080031cc       0x98 d:/tools/stm32cubeide_1.5.0/stm32cubeide/plugins/com.st.stm32cube.ide.mcu.externaltools.gnu-tools-for-stm32.7-2018-q2-update.win32_1.5.0.202011040924/tools/bin/../lib/gcc/arm-none-eabi/7.3.1/../../../../arm-none-eabi/lib/thumb/v7-m\libc_nano.a(lib_a-nano-freer.o)
                0x00000000080031cc                _free_r
 .text._malloc_r
                0x0000000008003264       0xb4 d:/tools/stm32cubeide_1.5.0/stm32cubeide/plugins/com.st.stm32cube.ide.mcu.externaltools.gnu-tools-for-stm32.7-2018-q2-update.win32_1.5.0.202011040924/tools/bin/../lib/gcc/arm-none-eabi/7.3.1/../../../../arm-none-eabi/lib/thumb/v7-m\libc_nano.a(lib_a-nano-mallocr.o)
                0x0000000008003264                _malloc_r
 .text.printf   0x0000000008003318       0x30 d:/tools/stm32cubeide_1.5.0/stm32cubeide/plugins/com.st.stm32cube.ide.mcu.externaltools.gnu-tools-for-stm32.7-2018-q2-update.win32_1.5.0.202011040924/tools/bin/../lib/gcc/arm-none-eabi/7.3.1/../../../../arm-none-eabi/lib/thumb/v7-m\libc_nano.a(lib_a-printf.o)
                0x0000000008003318                iprintf
                0x0000000008003318                printf
 .text._puts_r  0x0000000008003348       0xb8 d:/tools/stm32cubeide_1.5.0/stm32cubeide/plugins/com.st.stm32cube.ide.mcu.externaltools.gnu-tools-for-stm32.7-2018-q2-update.win32_1.5.0.202011040924/tools/bin/../lib/gcc/arm-none-eabi/7.3.1/../../../../arm-none-eabi/lib/thumb/v7-m\libc_nano.a(lib_a-puts.o)
                0x0000000008003348                _puts_r
 .text.puts     0x0000000008003400       0x10 d:/tools/stm32cubeide_1.5.0/stm32cubeide/plugins/com.st.stm32cube.ide.mcu.externaltools.gnu-tools-for-stm32.7-2018-q2-update.win32_1.5.0.202011040924/tools/bin/../lib/gcc/arm-none-eabi/7.3.1/../../../../arm-none-eabi/lib/thumb/v7-m\libc_nano.a(lib_a-puts.o)
                0x0000000008003400                puts
 .text._sbrk_r  0x0000000008003410       0x20 d:/tools/stm32cubeide_1.5.0/stm32cubeide/plugins/com.st.stm32cube.ide.mcu.externaltools.gnu-tools-for-stm32.7-2018-q2-update.win32_1.5.0.202011040924/tools/bin/../lib/gcc/arm-none-eabi/7.3.1/../../../../arm-none-eabi/lib/thumb/v7-m\libc_nano.a(lib_a-sbrkr.o)
                0x0000000008003410                _sbrk_r
 .text.__swbuf_r
                0x0000000008003430       0xa4 d:/tools/stm32cubeide_1.5.0/stm32cubeide/plugins/com.st.stm32cube.ide.mcu.externaltools.gnu-tools-for-stm32.7-2018-q2-update.win32_1.5.0.202011040924/tools/bin/../lib/gcc/arm-none-eabi/7.3.1/../../../../arm-none-eabi/lib/thumb/v7-m\libc_nano.a(lib_a-wbuf.o)
                0x0000000008003430                __swbuf_r
 .text.__swsetup_r
                0x00000000080034d4       0xdc d:/tools/stm32cubeide_1.5.0/stm32cubeide/plugins/com.st.stm32cube.ide.mcu.externaltools.gnu-tools-for-stm32.7-2018-q2-update.win32_1.5.0.202011040924/tools/bin/../lib/gcc/arm-none-eabi/7.3.1/../../../../arm-none-eabi/lib/thumb/v7-m\libc_nano.a(lib_a-wsetup.o)
                0x00000000080034d4                __swsetup_r
 .text.__sflush_r
                0x00000000080035b0      0x10c d:/tools/stm32cubeide_1.5.0/stm32cubeide/plugins/com.st.stm32cube.ide.mcu.externaltools.gnu-tools-for-stm32.7-2018-q2-update.win32_1.5.0.202011040924/tools/bin/../lib/gcc/arm-none-eabi/7.3.1/../../../../arm-none-eabi/lib/thumb/v7-m\libc_nano.a(lib_a-fflush.o)
                0x00000000080035b0                __sflush_r
 .text._fflush_r
                0x00000000080036bc       0x54 d:/tools/stm32cubeide_1.5.0/stm32cubeide/plugins/com.st.stm32cube.ide.mcu.externaltools.gnu-tools-for-stm32.7-2018-q2-update.win32_1.5.0.202011040924/tools/bin/../lib/gcc/arm-none-eabi/7.3.1/../../../../arm-none-eabi/lib/thumb/v7-m\libc_nano.a(lib_a-fflush.o)
                0x00000000080036bc                _fflush_r
 .text.std      0x0000000008003710       0x48 d:/tools/stm32cubeide_1.5.0/stm32cubeide/plugins/com.st.stm32cube.ide.mcu.externaltools.gnu-tools-for-stm32.7-2018-q2-update.win32_1.5.0.202011040924/tools/bin/../lib/gcc/arm-none-eabi/7.3.1/../../../../arm-none-eabi/lib/thumb/v7-m\libc_nano.a(lib_a-findfp.o)
 .text._cleanup_r
                0x0000000008003758        0xc d:/tools/stm32cubeide_1.5.0/stm32cubeide/plugins/com.st.stm32cube.ide.mcu.externaltools.gnu-tools-for-stm32.7-2018-q2-update.win32_1.5.0.202011040924/tools/bin/../lib/gcc/arm-none-eabi/7.3.1/../../../../arm-none-eabi/lib/thumb/v7-m\libc_nano.a(lib_a-findfp.o)
                0x0000000008003758                _cleanup_r
 .text.__sfmoreglue
                0x0000000008003764       0x2c d:/tools/stm32cubeide_1.5.0/stm32cubeide/plugins/com.st.stm32cube.ide.mcu.externaltools.gnu-tools-for-stm32.7-2018-q2-update.win32_1.5.0.202011040924/tools/bin/../lib/gcc/arm-none-eabi/7.3.1/../../../../arm-none-eabi/lib/thumb/v7-m\libc_nano.a(lib_a-findfp.o)
                0x0000000008003764                __sfmoreglue
 .text.__sinit  0x0000000008003790       0x60 d:/tools/stm32cubeide_1.5.0/stm32cubeide/plugins/com.st.stm32cube.ide.mcu.externaltools.gnu-tools-for-stm32.7-2018-q2-update.win32_1.5.0.202011040924/tools/bin/../lib/gcc/arm-none-eabi/7.3.1/../../../../arm-none-eabi/lib/thumb/v7-m\libc_nano.a(lib_a-findfp.o)
                0x0000000008003790                __sinit
 .text.__sfp    0x00000000080037f0       0x78 d:/tools/stm32cubeide_1.5.0/stm32cubeide/plugins/com.st.stm32cube.ide.mcu.externaltools.gnu-tools-for-stm32.7-2018-q2-update.win32_1.5.0.202011040924/tools/bin/../lib/gcc/arm-none-eabi/7.3.1/../../../../arm-none-eabi/lib/thumb/v7-m\libc_nano.a(lib_a-findfp.o)
                0x00000000080037f0                __sfp
 .text._fwalk_reent
                0x0000000008003868       0x3c d:/tools/stm32cubeide_1.5.0/stm32cubeide/plugins/com.st.stm32cube.ide.mcu.externaltools.gnu-tools-for-stm32.7-2018-q2-update.win32_1.5.0.202011040924/tools/bin/../lib/gcc/arm-none-eabi/7.3.1/../../../../arm-none-eabi/lib/thumb/v7-m\libc_nano.a(lib_a-fwalk.o)
                0x0000000008003868                _fwalk_reent
 .text.__swhatbuf_r
                0x00000000080038a4       0x48 d:/tools/stm32cubeide_1.5.0/stm32cubeide/plugins/com.st.stm32cube.ide.mcu.externaltools.gnu-tools-for-stm32.7-2018-q2-update.win32_1.5.0.202011040924/tools/bin/../lib/gcc/arm-none-eabi/7.3.1/../../../../arm-none-eabi/lib/thumb/v7-m\libc_nano.a(lib_a-makebuf.o)
                0x00000000080038a4                __swhatbuf_r
 .text.__smakebuf_r
                0x00000000080038ec       0x80 d:/tools/stm32cubeide_1.5.0/stm32cubeide/plugins/com.st.stm32cube.ide.mcu.externaltools.gnu-tools-for-stm32.7-2018-q2-update.win32_1.5.0.202011040924/tools/bin/../lib/gcc/arm-none-eabi/7.3.1/../../../../arm-none-eabi/lib/thumb/v7-m\libc_nano.a(lib_a-makebuf.o)
                0x00000000080038ec                __smakebuf_r
 .text.__malloc_lock
                0x000000000800396c        0x2 d:/tools/stm32cubeide_1.5.0/stm32cubeide/plugins/com.st.stm32cube.ide.mcu.externaltools.gnu-tools-for-stm32.7-2018-q2-update.win32_1.5.0.202011040924/tools/bin/../lib/gcc/arm-none-eabi/7.3.1/../../../../arm-none-eabi/lib/thumb/v7-m\libc_nano.a(lib_a-mlock.o)
                0x000000000800396c                __malloc_lock
 .text.__malloc_unlock
                0x000000000800396e        0x2 d:/tools/stm32cubeide_1.5.0/stm32cubeide/plugins/com.st.stm32cube.ide.mcu.externaltools.gnu-tools-for-stm32.7-2018-q2-update.win32_1.5.0.202011040924/tools/bin/../lib/gcc/arm-none-eabi/7.3.1/../../../../arm-none-eabi/lib/thumb/v7-m\libc_nano.a(lib_a-mlock.o)
                0x000000000800396e                __malloc_unlock
 .text.__sfputc_r
                0x0000000008003970       0x2a d:/tools/stm32cubeide_1.5.0/stm32cubeide/plugins/com.st.stm32cube.ide.mcu.externaltools.gnu-tools-for-stm32.7-2018-q2-update.win32_1.5.0.202011040924/tools/bin/../lib/gcc/arm-none-eabi/7.3.1/../../../../arm-none-eabi/lib/thumb/v7-m\libc_nano.a(lib_a-nano-vfprintf.o)
 .text.__sfputs_r
                0x000000000800399a       0x24 d:/tools/stm32cubeide_1.5.0/stm32cubeide/plugins/com.st.stm32cube.ide.mcu.externaltools.gnu-tools-for-stm32.7-2018-q2-update.win32_1.5.0.202011040924/tools/bin/../lib/gcc/arm-none-eabi/7.3.1/../../../../arm-none-eabi/lib/thumb/v7-m\libc_nano.a(lib_a-nano-vfprintf.o)
                0x000000000800399a                __sfputs_r
 *fill*         0x00000000080039be        0x2 
 .text._vfprintf_r
                0x00000000080039c0      0x22c d:/tools/stm32cubeide_1.5.0/stm32cubeide/plugins/com.st.stm32cube.ide.mcu.externaltools.gnu-tools-for-stm32.7-2018-q2-update.win32_1.5.0.202011040924/tools/bin/../lib/gcc/arm-none-eabi/7.3.1/../../../../arm-none-eabi/lib/thumb/v7-m\libc_nano.a(lib_a-nano-vfprintf.o)
                0x00000000080039c0                _vfprintf_r
                0x00000000080039c0                _vfiprintf_r
 .text._printf_common
                0x0000000008003bec       0xec d:/tools/stm32cubeide_1.5.0/stm32cubeide/plugins/com.st.stm32cube.ide.mcu.externaltools.gnu-tools-for-stm32.7-2018-q2-update.win32_1.5.0.202011040924/tools/bin/../lib/gcc/arm-none-eabi/7.3.1/../../../../arm-none-eabi/lib/thumb/v7-m\libc_nano.a(lib_a-nano-vfprintf_i.o)
                0x0000000008003bec                _printf_common
 .text._printf_i
                0x0000000008003cd8      0x224 d:/tools/stm32cubeide_1.5.0/stm32cubeide/plugins/com.st.stm32cube.ide.mcu.externaltools.gnu-tools-for-stm32.7-2018-q2-update.win32_1.5.0.202011040924/tools/bin/../lib/gcc/arm-none-eabi/7.3.1/../../../../arm-none-eabi/lib/thumb/v7-m\libc_nano.a(lib_a-nano-vfprintf_i.o)
                0x0000000008003cd8                _printf_i
 .text.__sread  0x0000000008003efc       0x22 d:/tools/stm32cubeide_1.5.0/stm32cubeide/plugins/com.st.stm32cube.ide.mcu.externaltools.gnu-tools-for-stm32.7-2018-q2-update.win32_1.5.0.202011040924/tools/bin/../lib/gcc/arm-none-eabi/7.3.1/../../../../arm-none-eabi/lib/thumb/v7-m\libc_nano.a(lib_a-stdio.o)
                0x0000000008003efc                __sread
 .text.__swrite
                0x0000000008003f1e       0x38 d:/tools/stm32cubeide_1.5.0/stm32cubeide/plugins/com.st.stm32cube.ide.mcu.externaltools.gnu-tools-for-stm32.7-2018-q2-update.win32_1.5.0.202011040924/tools/bin/../lib/gcc/arm-none-eabi/7.3.1/../../../../arm-none-eabi/lib/thumb/v7-m\libc_nano.a(lib_a-stdio.o)
                0x0000000008003f1e                __swrite
 .text.__sseek  0x0000000008003f56       0x24 d:/tools/stm32cubeide_1.5.0/stm32cubeide/plugins/com.st.stm32cube.ide.mcu.externaltools.gnu-tools-for-stm32.7-2018-q2-update.win32_1.5.0.202011040924/tools/bin/../lib/gcc/arm-none-eabi/7.3.1/../../../../arm-none-eabi/lib/thumb/v7-m\libc_nano.a(lib_a-stdio.o)
                0x0000000008003f56                __sseek
 .text.__sclose
                0x0000000008003f7a        0x8 d:/tools/stm32cubeide_1.5.0/stm32cubeide/plugins/com.st.stm32cube.ide.mcu.externaltools.gnu-tools-for-stm32.7-2018-q2-update.win32_1.5.0.202011040924/tools/bin/../lib/gcc/arm-none-eabi/7.3.1/../../../../arm-none-eabi/lib/thumb/v7-m\libc_nano.a(lib_a-stdio.o)
                0x0000000008003f7a                __sclose
 *fill*         0x0000000008003f82        0x2 
 .text._write_r
                0x0000000008003f84       0x24 d:/tools/stm32cubeide_1.5.0/stm32cubeide/plugins/com.st.stm32cube.ide.mcu.externaltools.gnu-tools-for-stm32.7-2018-q2-update.win32_1.5.0.202011040924/tools/bin/../lib/gcc/arm-none-eabi/7.3.1/../../../../arm-none-eabi/lib/thumb/v7-m\libc_nano.a(lib_a-writer.o)
                0x0000000008003f84                _write_r
 .text._close_r
                0x0000000008003fa8       0x20 d:/tools/stm32cubeide_1.5.0/stm32cubeide/plugins/com.st.stm32cube.ide.mcu.externaltools.gnu-tools-for-stm32.7-2018-q2-update.win32_1.5.0.202011040924/tools/bin/../lib/gcc/arm-none-eabi/7.3.1/../../../../arm-none-eabi/lib/thumb/v7-m\libc_nano.a(lib_a-closer.o)
                0x0000000008003fa8                _close_r
 .text._fstat_r
                0x0000000008003fc8       0x24 d:/tools/stm32cubeide_1.5.0/stm32cubeide/plugins/com.st.stm32cube.ide.mcu.externaltools.gnu-tools-for-stm32.7-2018-q2-update.win32_1.5.0.202011040924/tools/bin/../lib/gcc/arm-none-eabi/7.3.1/../../../../arm-none-eabi/lib/thumb/v7-m\libc_nano.a(lib_a-fstatr.o)
                0x0000000008003fc8                _fstat_r
 .text._isatty_r
                0x0000000008003fec       0x20 d:/tools/stm32cubeide_1.5.0/stm32cubeide/plugins/com.st.stm32cube.ide.mcu.externaltools.gnu-tools-for-stm32.7-2018-q2-update.win32_1.5.0.202011040924/tools/bin/../lib/gcc/arm-none-eabi/7.3.1/../../../../arm-none-eabi/lib/thumb/v7-m\libc_nano.a(lib_a-isattyr.o)
                0x0000000008003fec                _isatty_r
 .text._lseek_r
                0x000000000800400c       0x24 d:/tools/stm32cubeide_1.5.0/stm32cubeide/plugins/com.st.stm32cube.ide.mcu.externaltools.gnu-tools-for-stm32.7-2018-q2-update.win32_1.5.0.202011040924/tools/bin/../lib/gcc/arm-none-eabi/7.3.1/../../../../arm-none-eabi/lib/thumb/v7-m\libc_nano.a(lib_a-lseekr.o)
                0x000000000800400c                _lseek_r
 .text.memchr   0x0000000008004030       0x1c d:/tools/stm32cubeide_1.5.0/stm32cubeide/plugins/com.st.stm32cube.ide.mcu.externaltools.gnu-tools-for-stm32.7-2018-q2-update.win32_1.5.0.202011040924/tools/bin/../lib/gcc/arm-none-eabi/7.3.1/../../../../arm-none-eabi/lib/thumb/v7-m\libc_nano.a(lib_a-memchr-stub.o)
                0x0000000008004030                memchr
 .text._read_r  0x000000000800404c       0x24 d:/tools/stm32cubeide_1.5.0/stm32cubeide/plugins/com.st.stm32cube.ide.mcu.externaltools.gnu-tools-for-stm32.7-2018-q2-update.win32_1.5.0.202011040924/tools/bin/../lib/gcc/arm-none-eabi/7.3.1/../../../../arm-none-eabi/lib/thumb/v7-m\libc_nano.a(lib_a-readr.o)
                0x000000000800404c                _read_r
 *(.glue_7)
 .glue_7        0x0000000008004070        0x0 linker stubs
 *(.glue_7t)
 .glue_7t       0x0000000008004070        0x0 linker stubs
 *(.eh_frame)
 .eh_frame      0x0000000008004070        0x0 d:/tools/stm32cubeide_1.5.0/stm32cubeide/plugins/com.st.stm32cube.ide.mcu.externaltools.gnu-tools-for-stm32.7-2018-q2-update.win32_1.5.0.202011040924/tools/bin/../lib/gcc/arm-none-eabi/7.3.1/thumb/v7-m/crtbegin.o
 *(.init)
 .init          0x0000000008004070        0x4 d:/tools/stm32cubeide_1.5.0/stm32cubeide/plugins/com.st.stm32cube.ide.mcu.externaltools.gnu-tools-for-stm32.7-2018-q2-update.win32_1.5.0.202011040924/tools/bin/../lib/gcc/arm-none-eabi/7.3.1/thumb/v7-m/crti.o
                0x0000000008004070                _init
 .init          0x0000000008004074        0x8 d:/tools/stm32cubeide_1.5.0/stm32cubeide/plugins/com.st.stm32cube.ide.mcu.externaltools.gnu-tools-for-stm32.7-2018-q2-update.win32_1.5.0.202011040924/tools/bin/../lib/gcc/arm-none-eabi/7.3.1/thumb/v7-m/crtn.o
 *(.fini)
 .fini          0x000000000800407c        0x4 d:/tools/stm32cubeide_1.5.0/stm32cubeide/plugins/com.st.stm32cube.ide.mcu.externaltools.gnu-tools-for-stm32.7-2018-q2-update.win32_1.5.0.202011040924/tools/bin/../lib/gcc/arm-none-eabi/7.3.1/thumb/v7-m/crti.o
                0x000000000800407c                _fini
 .fini          0x0000000008004080        0x8 d:/tools/stm32cubeide_1.5.0/stm32cubeide/plugins/com.st.stm32cube.ide.mcu.externaltools.gnu-tools-for-stm32.7-2018-q2-update.win32_1.5.0.202011040924/tools/bin/../lib/gcc/arm-none-eabi/7.3.1/thumb/v7-m/crtn.o
                0x0000000008004088                . = ALIGN (0x4)
                0x0000000008004088                _etext = .

.vfp11_veneer   0x0000000008004088        0x0
 .vfp11_veneer  0x0000000008004088        0x0 linker stubs

.v4_bx          0x0000000008004088        0x0
 .v4_bx         0x0000000008004088        0x0 linker stubs

.iplt           0x0000000008004088        0x0
 .iplt          0x0000000008004088        0x0 d:/tools/stm32cubeide_1.5.0/stm32cubeide/plugins/com.st.stm32cube.ide.mcu.externaltools.gnu-tools-for-stm32.7-2018-q2-update.win32_1.5.0.202011040924/tools/bin/../lib/gcc/arm-none-eabi/7.3.1/thumb/v7-m/crtbegin.o

.rodata         0x0000000008004088      0x114
                0x0000000008004088                . = ALIGN (0x4)
 *(.rodata)
 .rodata        0x0000000008004088       0x30 App/Src/CPPmain.o
 .rodata        0x00000000080040b8       0x12 Drivers/STM32F1xx_HAL_Driver/Src/stm32f1xx_hal_rcc.o
 *fill*         0x00000000080040ca        0x2 
 .rodata        0x00000000080040cc       0x10 Hardware/Src/Button.o
 *(.rodata*)
 .rodata._ZTV5Motor
                0x00000000080040dc       0x10 App/Src/CPPmain.o
                0x00000000080040dc                vtable for Motor
 .rodata.AHBPrescTable
                0x00000000080040ec       0x10 Core/Src/system_stm32f1xx.o
                0x00000000080040ec                AHBPrescTable
 .rodata.APBPrescTable
                0x00000000080040fc        0x8 Core/Src/system_stm32f1xx.o
                0x00000000080040fc                APBPrescTable
 .rodata._global_impure_ptr
                0x0000000008004104        0x4 d:/tools/stm32cubeide_1.5.0/stm32cubeide/plugins/com.st.stm32cube.ide.mcu.externaltools.gnu-tools-for-stm32.7-2018-q2-update.win32_1.5.0.202011040924/tools/bin/../lib/gcc/arm-none-eabi/7.3.1/../../../../arm-none-eabi/lib/thumb/v7-m\libc_nano.a(lib_a-impure.o)
                0x0000000008004104                _global_impure_ptr
 .rodata.__sf_fake_stderr
                0x0000000008004108       0x20 d:/tools/stm32cubeide_1.5.0/stm32cubeide/plugins/com.st.stm32cube.ide.mcu.externaltools.gnu-tools-for-stm32.7-2018-q2-update.win32_1.5.0.202011040924/tools/bin/../lib/gcc/arm-none-eabi/7.3.1/../../../../arm-none-eabi/lib/thumb/v7-m\libc_nano.a(lib_a-findfp.o)
                0x0000000008004108                __sf_fake_stderr
 .rodata.__sf_fake_stdin
                0x0000000008004128       0x20 d:/tools/stm32cubeide_1.5.0/stm32cubeide/plugins/com.st.stm32cube.ide.mcu.externaltools.gnu-tools-for-stm32.7-2018-q2-update.win32_1.5.0.202011040924/tools/bin/../lib/gcc/arm-none-eabi/7.3.1/../../../../arm-none-eabi/lib/thumb/v7-m\libc_nano.a(lib_a-findfp.o)
                0x0000000008004128                __sf_fake_stdin
 .rodata.__sf_fake_stdout
                0x0000000008004148       0x20 d:/tools/stm32cubeide_1.5.0/stm32cubeide/plugins/com.st.stm32cube.ide.mcu.externaltools.gnu-tools-for-stm32.7-2018-q2-update.win32_1.5.0.202011040924/tools/bin/../lib/gcc/arm-none-eabi/7.3.1/../../../../arm-none-eabi/lib/thumb/v7-m\libc_nano.a(lib_a-findfp.o)
                0x0000000008004148                __sf_fake_stdout
 .rodata._vfprintf_r.str1.1
                0x0000000008004168       0x11 d:/tools/stm32cubeide_1.5.0/stm32cubeide/plugins/com.st.stm32cube.ide.mcu.externaltools.gnu-tools-for-stm32.7-2018-q2-update.win32_1.5.0.202011040924/tools/bin/../lib/gcc/arm-none-eabi/7.3.1/../../../../arm-none-eabi/lib/thumb/v7-m\libc_nano.a(lib_a-nano-vfprintf.o)
 .rodata._printf_i.str1.1
                0x0000000008004179       0x22 d:/tools/stm32cubeide_1.5.0/stm32cubeide/plugins/com.st.stm32cube.ide.mcu.externaltools.gnu-tools-for-stm32.7-2018-q2-update.win32_1.5.0.202011040924/tools/bin/../lib/gcc/arm-none-eabi/7.3.1/../../../../arm-none-eabi/lib/thumb/v7-m\libc_nano.a(lib_a-nano-vfprintf_i.o)
                0x000000000800419c                . = ALIGN (0x4)
 *fill*         0x000000000800419b        0x1 

.rel.dyn        0x000000000800419c        0x0
 .rel.iplt      0x000000000800419c        0x0 d:/tools/stm32cubeide_1.5.0/stm32cubeide/plugins/com.st.stm32cube.ide.mcu.externaltools.gnu-tools-for-stm32.7-2018-q2-update.win32_1.5.0.202011040924/tools/bin/../lib/gcc/arm-none-eabi/7.3.1/thumb/v7-m/crtbegin.o

.ARM.extab      0x000000000800419c        0x0
                0x000000000800419c                . = ALIGN (0x4)
 *(.ARM.extab* .gnu.linkonce.armextab.*)
                0x000000000800419c                . = ALIGN (0x4)

.ARM            0x000000000800419c        0x0
                0x000000000800419c                . = ALIGN (0x4)
                0x000000000800419c                __exidx_start = .
 *(.ARM.exidx*)
                0x000000000800419c                __exidx_end = .
                0x000000000800419c                . = ALIGN (0x4)

.preinit_array  0x000000000800419c        0x0
                0x000000000800419c                . = ALIGN (0x4)
                0x000000000800419c                PROVIDE (__preinit_array_start = .)
 *(.preinit_array*)
                0x000000000800419c                PROVIDE (__preinit_array_end = .)
                0x000000000800419c                . = ALIGN (0x4)

.init_array     0x000000000800419c        0x4
                0x000000000800419c                . = ALIGN (0x4)
                0x000000000800419c                PROVIDE (__init_array_start = .)
 *(SORT_BY_NAME(.init_array.*))
 *(.init_array*)
 .init_array    0x000000000800419c        0x4 d:/tools/stm32cubeide_1.5.0/stm32cubeide/plugins/com.st.stm32cube.ide.mcu.externaltools.gnu-tools-for-stm32.7-2018-q2-update.win32_1.5.0.202011040924/tools/bin/../lib/gcc/arm-none-eabi/7.3.1/thumb/v7-m/crtbegin.o
                0x00000000080041a0                PROVIDE (__init_array_end = .)
                0x00000000080041a0                . = ALIGN (0x4)

.fini_array     0x00000000080041a0        0x4
                0x00000000080041a0                . = ALIGN (0x4)
                [!provide]                        PROVIDE (__fini_array_start = .)
 *(SORT_BY_NAME(.fini_array.*))
 *(.fini_array*)
 .fini_array    0x00000000080041a0        0x4 d:/tools/stm32cubeide_1.5.0/stm32cubeide/plugins/com.st.stm32cube.ide.mcu.externaltools.gnu-tools-for-stm32.7-2018-q2-update.win32_1.5.0.202011040924/tools/bin/../lib/gcc/arm-none-eabi/7.3.1/thumb/v7-m/crtbegin.o
                [!provide]                        PROVIDE (__fini_array_end = .)
                0x00000000080041a4                . = ALIGN (0x4)
                0x00000000080041a4                _sidata = LOADADDR (.data)

.data           0x0000000020000000       0x70 load address 0x00000000080041a4
                0x0000000020000000                . = ALIGN (0x4)
                0x0000000020000000                _sdata = .
 *(.data)
 *(.data*)
 .data.SystemCoreClock
                0x0000000020000000        0x4 Core/Src/system_stm32f1xx.o
                0x0000000020000000                SystemCoreClock
 .data.uwTickPrio
                0x0000000020000004        0x4 Drivers/STM32F1xx_HAL_Driver/Src/stm32f1xx_hal.o
                0x0000000020000004                uwTickPrio
 .data.uwTickFreq
                0x0000000020000008        0x1 Drivers/STM32F1xx_HAL_Driver/Src/stm32f1xx_hal.o
                0x0000000020000008                uwTickFreq
 *fill*         0x0000000020000009        0x3 
 .data._impure_ptr
                0x000000002000000c        0x4 d:/tools/stm32cubeide_1.5.0/stm32cubeide/plugins/com.st.stm32cube.ide.mcu.externaltools.gnu-tools-for-stm32.7-2018-q2-update.win32_1.5.0.202011040924/tools/bin/../lib/gcc/arm-none-eabi/7.3.1/../../../../arm-none-eabi/lib/thumb/v7-m\libc_nano.a(lib_a-impure.o)
                0x000000002000000c                _impure_ptr
 .data.impure_data
                0x0000000020000010       0x60 d:/tools/stm32cubeide_1.5.0/stm32cubeide/plugins/com.st.stm32cube.ide.mcu.externaltools.gnu-tools-for-stm32.7-2018-q2-update.win32_1.5.0.202011040924/tools/bin/../lib/gcc/arm-none-eabi/7.3.1/../../../../arm-none-eabi/lib/thumb/v7-m\libc_nano.a(lib_a-impure.o)
 *(.RamFunc)
 *(.RamFunc*)
                0x0000000020000070                . = ALIGN (0x4)
                0x0000000020000070                _edata = .

.igot.plt       0x0000000020000070        0x0 load address 0x0000000008004214
 .igot.plt      0x0000000020000070        0x0 d:/tools/stm32cubeide_1.5.0/stm32cubeide/plugins/com.st.stm32cube.ide.mcu.externaltools.gnu-tools-for-stm32.7-2018-q2-update.win32_1.5.0.202011040924/tools/bin/../lib/gcc/arm-none-eabi/7.3.1/thumb/v7-m/crtbegin.o
                0x0000000020000070                . = ALIGN (0x4)

.bss            0x0000000020000070      0x104 load address 0x0000000008004214
                0x0000000020000070                _sbss = .
                0x0000000020000070                __bss_start__ = _sbss
 *(.bss)
 .bss           0x0000000020000070       0x1c d:/tools/stm32cubeide_1.5.0/stm32cubeide/plugins/com.st.stm32cube.ide.mcu.externaltools.gnu-tools-for-stm32.7-2018-q2-update.win32_1.5.0.202011040924/tools/bin/../lib/gcc/arm-none-eabi/7.3.1/thumb/v7-m/crtbegin.o
 *(.bss*)
 .bss.__sbrk_heap_end
                0x000000002000008c        0x4 Core/Src/sysmem.o
 .bss.buttonDownFlag
                0x0000000020000090        0x1 Hardware/Src/Button.o
                0x0000000020000090                buttonDownFlag
 *fill*         0x0000000020000091        0x3 
 .bss.__malloc_free_list
                0x0000000020000094        0x4 d:/tools/stm32cubeide_1.5.0/stm32cubeide/plugins/com.st.stm32cube.ide.mcu.externaltools.gnu-tools-for-stm32.7-2018-q2-update.win32_1.5.0.202011040924/tools/bin/../lib/gcc/arm-none-eabi/7.3.1/../../../../arm-none-eabi/lib/thumb/v7-m\libc_nano.a(lib_a-nano-mallocr.o)
                0x0000000020000094                __malloc_free_list
 .bss.__malloc_sbrk_start
                0x0000000020000098        0x4 d:/tools/stm32cubeide_1.5.0/stm32cubeide/plugins/com.st.stm32cube.ide.mcu.externaltools.gnu-tools-for-stm32.7-2018-q2-update.win32_1.5.0.202011040924/tools/bin/../lib/gcc/arm-none-eabi/7.3.1/../../../../arm-none-eabi/lib/thumb/v7-m\libc_nano.a(lib_a-nano-mallocr.o)
                0x0000000020000098                __malloc_sbrk_start
 *(COMMON)
 COMMON         0x000000002000009c       0x90 Core/Src/tim.o
                0x000000002000009c                htim4
                0x00000000200000e4                htim3
 COMMON         0x000000002000012c       0x40 Core/Src/usart.o
                0x000000002000012c                huart1
 COMMON         0x000000002000016c        0x4 Drivers/STM32F1xx_HAL_Driver/Src/stm32f1xx_hal.o
                0x000000002000016c                uwTick
 COMMON         0x0000000020000170        0x4 d:/tools/stm32cubeide_1.5.0/stm32cubeide/plugins/com.st.stm32cube.ide.mcu.externaltools.gnu-tools-for-stm32.7-2018-q2-update.win32_1.5.0.202011040924/tools/bin/../lib/gcc/arm-none-eabi/7.3.1/../../../../arm-none-eabi/lib/thumb/v7-m\libc_nano.a(lib_a-reent.o)
                0x0000000020000170                errno
                0x0000000020000174                . = ALIGN (0x4)
                0x0000000020000174                _ebss = .
                0x0000000020000174                __bss_end__ = _ebss

._user_heap_stack
                0x0000000020000174      0x604 load address 0x0000000008004214
                0x0000000020000178                . = ALIGN (0x8)
 *fill*         0x0000000020000174        0x4 
                [!provide]                        PROVIDE (end = .)
                0x0000000020000178                PROVIDE (_end = .)
                0x0000000020000378                . = (. + _Min_Heap_Size)
 *fill*         0x0000000020000178      0x200 
                0x0000000020000778                . = (. + _Min_Stack_Size)
 *fill*         0x0000000020000378      0x400 
                0x0000000020000778                . = ALIGN (0x8)

/DISCARD/
 libc.a(*)
 libm.a(*)
 libgcc.a(*)

.ARM.attributes
                0x0000000000000000       0x29
 *(.ARM.attributes)
 .ARM.attributes
                0x0000000000000000       0x1d d:/tools/stm32cubeide_1.5.0/stm32cubeide/plugins/com.st.stm32cube.ide.mcu.externaltools.gnu-tools-for-stm32.7-2018-q2-update.win32_1.5.0.202011040924/tools/bin/../lib/gcc/arm-none-eabi/7.3.1/thumb/v7-m/crti.o
 .ARM.attributes
                0x000000000000001d       0x2d d:/tools/stm32cubeide_1.5.0/stm32cubeide/plugins/com.st.stm32cube.ide.mcu.externaltools.gnu-tools-for-stm32.7-2018-q2-update.win32_1.5.0.202011040924/tools/bin/../lib/gcc/arm-none-eabi/7.3.1/thumb/v7-m/crtbegin.o
 .ARM.attributes
                0x000000000000004a       0x33 App/Src/CPPmain.o
 .ARM.attributes
                0x000000000000007d       0x33 Core/Src/gpio.o
 .ARM.attributes
                0x00000000000000b0       0x33 Core/Src/main.o
 .ARM.attributes
                0x00000000000000e3       0x33 Core/Src/stm32f1xx_hal_msp.o
 .ARM.attributes
                0x0000000000000116       0x33 Core/Src/stm32f1xx_it.o
 .ARM.attributes
                0x0000000000000149       0x33 Core/Src/syscalls.o
 .ARM.attributes
                0x000000000000017c       0x33 Core/Src/sysmem.o
 .ARM.attributes
                0x00000000000001af       0x33 Core/Src/system_stm32f1xx.o
 .ARM.attributes
                0x00000000000001e2       0x33 Core/Src/tim.o
 .ARM.attributes
                0x0000000000000215       0x33 Core/Src/usart.o
 .ARM.attributes
                0x0000000000000248       0x21 Core/Startup/startup_stm32f103c8tx.o
 .ARM.attributes
                0x0000000000000269       0x33 Drivers/STM32F1xx_HAL_Driver/Src/stm32f1xx_hal.o
 .ARM.attributes
                0x000000000000029c       0x33 Drivers/STM32F1xx_HAL_Driver/Src/stm32f1xx_hal_cortex.o
 .ARM.attributes
                0x00000000000002cf       0x33 Drivers/STM32F1xx_HAL_Driver/Src/stm32f1xx_hal_dma.o
 .ARM.attributes
                0x0000000000000302       0x33 Drivers/STM32F1xx_HAL_Driver/Src/stm32f1xx_hal_gpio.o
 .ARM.attributes
                0x0000000000000335       0x33 Drivers/STM32F1xx_HAL_Driver/Src/stm32f1xx_hal_rcc.o
 .ARM.attributes
                0x0000000000000368       0x33 Drivers/STM32F1xx_HAL_Driver/Src/stm32f1xx_hal_tim.o
 .ARM.attributes
                0x000000000000039b       0x33 Drivers/STM32F1xx_HAL_Driver/Src/stm32f1xx_hal_tim_ex.o
 .ARM.attributes
                0x00000000000003ce       0x33 Drivers/STM32F1xx_HAL_Driver/Src/stm32f1xx_hal_uart.o
 .ARM.attributes
                0x0000000000000401       0x33 Hardware/Src/Button.o
 .ARM.attributes
                0x0000000000000434       0x2d d:/tools/stm32cubeide_1.5.0/stm32cubeide/plugins/com.st.stm32cube.ide.mcu.externaltools.gnu-tools-for-stm32.7-2018-q2-update.win32_1.5.0.202011040924/tools/bin/../lib/gcc/arm-none-eabi/7.3.1/../../../../arm-none-eabi/lib/thumb/v7-m\libstdc++_nano.a(del_ops.o)
 .ARM.attributes
                0x0000000000000461       0x2d d:/tools/stm32cubeide_1.5.0/stm32cubeide/plugins/com.st.stm32cube.ide.mcu.externaltools.gnu-tools-for-stm32.7-2018-q2-update.win32_1.5.0.202011040924/tools/bin/../lib/gcc/arm-none-eabi/7.3.1/../../../../arm-none-eabi/lib/thumb/v7-m\libstdc++_nano.a(del_op.o)
 .ARM.attributes
                0x000000000000048e       0x2d d:/tools/stm32cubeide_1.5.0/stm32cubeide/plugins/com.st.stm32cube.ide.mcu.externaltools.gnu-tools-for-stm32.7-2018-q2-update.win32_1.5.0.202011040924/tools/bin/../lib/gcc/arm-none-eabi/7.3.1/../../../../arm-none-eabi/lib/thumb/v7-m\libc_nano.a(lib_a-errno.o)
 .ARM.attributes
                0x00000000000004bb       0x2d d:/tools/stm32cubeide_1.5.0/stm32cubeide/plugins/com.st.stm32cube.ide.mcu.externaltools.gnu-tools-for-stm32.7-2018-q2-update.win32_1.5.0.202011040924/tools/bin/../lib/gcc/arm-none-eabi/7.3.1/../../../../arm-none-eabi/lib/thumb/v7-m\libc_nano.a(lib_a-impure.o)
 .ARM.attributes
                0x00000000000004e8       0x2d d:/tools/stm32cubeide_1.5.0/stm32cubeide/plugins/com.st.stm32cube.ide.mcu.externaltools.gnu-tools-for-stm32.7-2018-q2-update.win32_1.5.0.202011040924/tools/bin/../lib/gcc/arm-none-eabi/7.3.1/../../../../arm-none-eabi/lib/thumb/v7-m\libc_nano.a(lib_a-init.o)
 .ARM.attributes
                0x0000000000000515       0x2d d:/tools/stm32cubeide_1.5.0/stm32cubeide/plugins/com.st.stm32cube.ide.mcu.externaltools.gnu-tools-for-stm32.7-2018-q2-update.win32_1.5.0.202011040924/tools/bin/../lib/gcc/arm-none-eabi/7.3.1/../../../../arm-none-eabi/lib/thumb/v7-m\libc_nano.a(lib_a-malloc.o)
 .ARM.attributes
                0x0000000000000542       0x2d d:/tools/stm32cubeide_1.5.0/stm32cubeide/plugins/com.st.stm32cube.ide.mcu.externaltools.gnu-tools-for-stm32.7-2018-q2-update.win32_1.5.0.202011040924/tools/bin/../lib/gcc/arm-none-eabi/7.3.1/../../../../arm-none-eabi/lib/thumb/v7-m\libc_nano.a(lib_a-memset.o)
 .ARM.attributes
                0x000000000000056f       0x2d d:/tools/stm32cubeide_1.5.0/stm32cubeide/plugins/com.st.stm32cube.ide.mcu.externaltools.gnu-tools-for-stm32.7-2018-q2-update.win32_1.5.0.202011040924/tools/bin/../lib/gcc/arm-none-eabi/7.3.1/../../../../arm-none-eabi/lib/thumb/v7-m\libc_nano.a(lib_a-nano-freer.o)
 .ARM.attributes
                0x000000000000059c       0x2d d:/tools/stm32cubeide_1.5.0/stm32cubeide/plugins/com.st.stm32cube.ide.mcu.externaltools.gnu-tools-for-stm32.7-2018-q2-update.win32_1.5.0.202011040924/tools/bin/../lib/gcc/arm-none-eabi/7.3.1/../../../../arm-none-eabi/lib/thumb/v7-m\libc_nano.a(lib_a-nano-mallocr.o)
 .ARM.attributes
                0x00000000000005c9       0x2d d:/tools/stm32cubeide_1.5.0/stm32cubeide/plugins/com.st.stm32cube.ide.mcu.externaltools.gnu-tools-for-stm32.7-2018-q2-update.win32_1.5.0.202011040924/tools/bin/../lib/gcc/arm-none-eabi/7.3.1/../../../../arm-none-eabi/lib/thumb/v7-m\libc_nano.a(lib_a-printf.o)
 .ARM.attributes
                0x00000000000005f6       0x2d d:/tools/stm32cubeide_1.5.0/stm32cubeide/plugins/com.st.stm32cube.ide.mcu.externaltools.gnu-tools-for-stm32.7-2018-q2-update.win32_1.5.0.202011040924/tools/bin/../lib/gcc/arm-none-eabi/7.3.1/../../../../arm-none-eabi/lib/thumb/v7-m\libc_nano.a(lib_a-puts.o)
 .ARM.attributes
                0x0000000000000623       0x2d d:/tools/stm32cubeide_1.5.0/stm32cubeide/plugins/com.st.stm32cube.ide.mcu.externaltools.gnu-tools-for-stm32.7-2018-q2-update.win32_1.5.0.202011040924/tools/bin/../lib/gcc/arm-none-eabi/7.3.1/../../../../arm-none-eabi/lib/thumb/v7-m\libc_nano.a(lib_a-sbrkr.o)
 .ARM.attributes
                0x0000000000000650       0x2d d:/tools/stm32cubeide_1.5.0/stm32cubeide/plugins/com.st.stm32cube.ide.mcu.externaltools.gnu-tools-for-stm32.7-2018-q2-update.win32_1.5.0.202011040924/tools/bin/../lib/gcc/arm-none-eabi/7.3.1/../../../../arm-none-eabi/lib/thumb/v7-m\libc_nano.a(lib_a-wbuf.o)
 .ARM.attributes
                0x000000000000067d       0x2d d:/tools/stm32cubeide_1.5.0/stm32cubeide/plugins/com.st.stm32cube.ide.mcu.externaltools.gnu-tools-for-stm32.7-2018-q2-update.win32_1.5.0.202011040924/tools/bin/../lib/gcc/arm-none-eabi/7.3.1/../../../../arm-none-eabi/lib/thumb/v7-m\libc_nano.a(lib_a-wsetup.o)
 .ARM.attributes
                0x00000000000006aa       0x2d d:/tools/stm32cubeide_1.5.0/stm32cubeide/plugins/com.st.stm32cube.ide.mcu.externaltools.gnu-tools-for-stm32.7-2018-q2-update.win32_1.5.0.202011040924/tools/bin/../lib/gcc/arm-none-eabi/7.3.1/../../../../arm-none-eabi/lib/thumb/v7-m\libc_nano.a(lib_a-fflush.o)
 .ARM.attributes
                0x00000000000006d7       0x2d d:/tools/stm32cubeide_1.5.0/stm32cubeide/plugins/com.st.stm32cube.ide.mcu.externaltools.gnu-tools-for-stm32.7-2018-q2-update.win32_1.5.0.202011040924/tools/bin/../lib/gcc/arm-none-eabi/7.3.1/../../../../arm-none-eabi/lib/thumb/v7-m\libc_nano.a(lib_a-findfp.o)
 .ARM.attributes
                0x0000000000000704       0x2d d:/tools/stm32cubeide_1.5.0/stm32cubeide/plugins/com.st.stm32cube.ide.mcu.externaltools.gnu-tools-for-stm32.7-2018-q2-update.win32_1.5.0.202011040924/tools/bin/../lib/gcc/arm-none-eabi/7.3.1/../../../../arm-none-eabi/lib/thumb/v7-m\libc_nano.a(lib_a-fwalk.o)
 .ARM.attributes
                0x0000000000000731       0x2d d:/tools/stm32cubeide_1.5.0/stm32cubeide/plugins/com.st.stm32cube.ide.mcu.externaltools.gnu-tools-for-stm32.7-2018-q2-update.win32_1.5.0.202011040924/tools/bin/../lib/gcc/arm-none-eabi/7.3.1/../../../../arm-none-eabi/lib/thumb/v7-m\libc_nano.a(lib_a-makebuf.o)
 .ARM.attributes
                0x000000000000075e       0x2d d:/tools/stm32cubeide_1.5.0/stm32cubeide/plugins/com.st.stm32cube.ide.mcu.externaltools.gnu-tools-for-stm32.7-2018-q2-update.win32_1.5.0.202011040924/tools/bin/../lib/gcc/arm-none-eabi/7.3.1/../../../../arm-none-eabi/lib/thumb/v7-m\libc_nano.a(lib_a-mlock.o)
 .ARM.attributes
                0x000000000000078b       0x2d d:/tools/stm32cubeide_1.5.0/stm32cubeide/plugins/com.st.stm32cube.ide.mcu.externaltools.gnu-tools-for-stm32.7-2018-q2-update.win32_1.5.0.202011040924/tools/bin/../lib/gcc/arm-none-eabi/7.3.1/../../../../arm-none-eabi/lib/thumb/v7-m\libc_nano.a(lib_a-nano-vfprintf.o)
 .ARM.attributes
                0x00000000000007b8       0x2d d:/tools/stm32cubeide_1.5.0/stm32cubeide/plugins/com.st.stm32cube.ide.mcu.externaltools.gnu-tools-for-stm32.7-2018-q2-update.win32_1.5.0.202011040924/tools/bin/../lib/gcc/arm-none-eabi/7.3.1/../../../../arm-none-eabi/lib/thumb/v7-m\libc_nano.a(lib_a-nano-vfprintf_i.o)
 .ARM.attributes
                0x00000000000007e5       0x2d d:/tools/stm32cubeide_1.5.0/stm32cubeide/plugins/com.st.stm32cube.ide.mcu.externaltools.gnu-tools-for-stm32.7-2018-q2-update.win32_1.5.0.202011040924/tools/bin/../lib/gcc/arm-none-eabi/7.3.1/../../../../arm-none-eabi/lib/thumb/v7-m\libc_nano.a(lib_a-reent.o)
 .ARM.attributes
                0x0000000000000812       0x2d d:/tools/stm32cubeide_1.5.0/stm32cubeide/plugins/com.st.stm32cube.ide.mcu.externaltools.gnu-tools-for-stm32.7-2018-q2-update.win32_1.5.0.202011040924/tools/bin/../lib/gcc/arm-none-eabi/7.3.1/../../../../arm-none-eabi/lib/thumb/v7-m\libc_nano.a(lib_a-stdio.o)
 .ARM.attributes
                0x000000000000083f       0x2d d:/tools/stm32cubeide_1.5.0/stm32cubeide/plugins/com.st.stm32cube.ide.mcu.externaltools.gnu-tools-for-stm32.7-2018-q2-update.win32_1.5.0.202011040924/tools/bin/../lib/gcc/arm-none-eabi/7.3.1/../../../../arm-none-eabi/lib/thumb/v7-m\libc_nano.a(lib_a-writer.o)
 .ARM.attributes
                0x000000000000086c       0x2d d:/tools/stm32cubeide_1.5.0/stm32cubeide/plugins/com.st.stm32cube.ide.mcu.externaltools.gnu-tools-for-stm32.7-2018-q2-update.win32_1.5.0.202011040924/tools/bin/../lib/gcc/arm-none-eabi/7.3.1/../../../../arm-none-eabi/lib/thumb/v7-m\libc_nano.a(lib_a-closer.o)
 .ARM.attributes
                0x0000000000000899       0x2d d:/tools/stm32cubeide_1.5.0/stm32cubeide/plugins/com.st.stm32cube.ide.mcu.externaltools.gnu-tools-for-stm32.7-2018-q2-update.win32_1.5.0.202011040924/tools/bin/../lib/gcc/arm-none-eabi/7.3.1/../../../../arm-none-eabi/lib/thumb/v7-m\libc_nano.a(lib_a-fstatr.o)
 .ARM.attributes
                0x00000000000008c6       0x2d d:/tools/stm32cubeide_1.5.0/stm32cubeide/plugins/com.st.stm32cube.ide.mcu.externaltools.gnu-tools-for-stm32.7-2018-q2-update.win32_1.5.0.202011040924/tools/bin/../lib/gcc/arm-none-eabi/7.3.1/../../../../arm-none-eabi/lib/thumb/v7-m\libc_nano.a(lib_a-isattyr.o)
 .ARM.attributes
                0x00000000000008f3       0x2d d:/tools/stm32cubeide_1.5.0/stm32cubeide/plugins/com.st.stm32cube.ide.mcu.externaltools.gnu-tools-for-stm32.7-2018-q2-update.win32_1.5.0.202011040924/tools/bin/../lib/gcc/arm-none-eabi/7.3.1/../../../../arm-none-eabi/lib/thumb/v7-m\libc_nano.a(lib_a-lseekr.o)
 .ARM.attributes
                0x0000000000000920       0x2d d:/tools/stm32cubeide_1.5.0/stm32cubeide/plugins/com.st.stm32cube.ide.mcu.externaltools.gnu-tools-for-stm32.7-2018-q2-update.win32_1.5.0.202011040924/tools/bin/../lib/gcc/arm-none-eabi/7.3.1/../../../../arm-none-eabi/lib/thumb/v7-m\libc_nano.a(lib_a-memchr-stub.o)
 .ARM.attributes
                0x000000000000094d       0x2d d:/tools/stm32cubeide_1.5.0/stm32cubeide/plugins/com.st.stm32cube.ide.mcu.externaltools.gnu-tools-for-stm32.7-2018-q2-update.win32_1.5.0.202011040924/tools/bin/../lib/gcc/arm-none-eabi/7.3.1/../../../../arm-none-eabi/lib/thumb/v7-m\libc_nano.a(lib_a-readr.o)
 .ARM.attributes
                0x000000000000097a       0x1d d:/tools/stm32cubeide_1.5.0/stm32cubeide/plugins/com.st.stm32cube.ide.mcu.externaltools.gnu-tools-for-stm32.7-2018-q2-update.win32_1.5.0.202011040924/tools/bin/../lib/gcc/arm-none-eabi/7.3.1/thumb/v7-m/crtn.o
OUTPUT(Car_F103C8.elf elf32-littlearm)

.debug_info     0x0000000000000000     0xf67b
 .debug_info    0x0000000000000000     0x155d App/Src/CPPmain.o
 .debug_info    0x000000000000155d      0x4bf Core/Src/gpio.o
 .debug_info    0x0000000000001a1c     0x1264 Core/Src/main.o
 .debug_info    0x0000000000002c80      0x2d6 Core/Src/stm32f1xx_hal_msp.o
 .debug_info    0x0000000000002f56      0x64e Core/Src/stm32f1xx_it.o
 .debug_info    0x00000000000035a4      0xebd Core/Src/syscalls.o
 .debug_info    0x0000000000004461      0x985 Core/Src/sysmem.o
 .debug_info    0x0000000000004de6      0x29a Core/Src/system_stm32f1xx.o
 .debug_info    0x0000000000005080      0xb46 Core/Src/tim.o
 .debug_info    0x0000000000005bc6     0x1130 Core/Src/usart.o
 .debug_info    0x0000000000006cf6       0x22 Core/Startup/startup_stm32f103c8tx.o
 .debug_info    0x0000000000006d18      0x714 Drivers/STM32F1xx_HAL_Driver/Src/stm32f1xx_hal.o
 .debug_info    0x000000000000742c      0xb51 Drivers/STM32F1xx_HAL_Driver/Src/stm32f1xx_hal_cortex.o
 .debug_info    0x0000000000007f7d      0x7b1 Drivers/STM32F1xx_HAL_Driver/Src/stm32f1xx_hal_dma.o
 .debug_info    0x000000000000872e      0x69b Drivers/STM32F1xx_HAL_Driver/Src/stm32f1xx_hal_gpio.o
 .debug_info    0x0000000000008dc9      0x80f Drivers/STM32F1xx_HAL_Driver/Src/stm32f1xx_hal_rcc.o
 .debug_info    0x00000000000095d8     0x27ef Drivers/STM32F1xx_HAL_Driver/Src/stm32f1xx_hal_tim.o
 .debug_info    0x000000000000bdc7     0x136f Drivers/STM32F1xx_HAL_Driver/Src/stm32f1xx_hal_tim_ex.o
 .debug_info    0x000000000000d136     0x121b Drivers/STM32F1xx_HAL_Driver/Src/stm32f1xx_hal_uart.o
 .debug_info    0x000000000000e351     0x132a Hardware/Src/Button.o

.debug_abbrev   0x0000000000000000     0x260d
 .debug_abbrev  0x0000000000000000      0x32a App/Src/CPPmain.o
 .debug_abbrev  0x000000000000032a      0x13d Core/Src/gpio.o
 .debug_abbrev  0x0000000000000467      0x216 Core/Src/main.o
 .debug_abbrev  0x000000000000067d      0x109 Core/Src/stm32f1xx_hal_msp.o
 .debug_abbrev  0x0000000000000786      0x149 Core/Src/stm32f1xx_it.o
 .debug_abbrev  0x00000000000008cf      0x261 Core/Src/syscalls.o
 .debug_abbrev  0x0000000000000b30      0x19b Core/Src/sysmem.o
 .debug_abbrev  0x0000000000000ccb      0x134 Core/Src/system_stm32f1xx.o
 .debug_abbrev  0x0000000000000dff      0x1c4 Core/Src/tim.o
 .debug_abbrev  0x0000000000000fc3      0x22f Core/Src/usart.o
 .debug_abbrev  0x00000000000011f2       0x12 Core/Startup/startup_stm32f103c8tx.o
 .debug_abbrev  0x0000000000001204      0x1c7 Drivers/STM32F1xx_HAL_Driver/Src/stm32f1xx_hal.o
 .debug_abbrev  0x00000000000013cb      0x2d5 Drivers/STM32F1xx_HAL_Driver/Src/stm32f1xx_hal_cortex.o
 .debug_abbrev  0x00000000000016a0      0x1fe Drivers/STM32F1xx_HAL_Driver/Src/stm32f1xx_hal_dma.o
 .debug_abbrev  0x000000000000189e      0x1c0 Drivers/STM32F1xx_HAL_Driver/Src/stm32f1xx_hal_gpio.o
 .debug_abbrev  0x0000000000001a5e      0x243 Drivers/STM32F1xx_HAL_Driver/Src/stm32f1xx_hal_rcc.o
 .debug_abbrev  0x0000000000001ca1      0x230 Drivers/STM32F1xx_HAL_Driver/Src/stm32f1xx_hal_tim.o
 .debug_abbrev  0x0000000000001ed1      0x236 Drivers/STM32F1xx_HAL_Driver/Src/stm32f1xx_hal_tim_ex.o
 .debug_abbrev  0x0000000000002107      0x242 Drivers/STM32F1xx_HAL_Driver/Src/stm32f1xx_hal_uart.o
 .debug_abbrev  0x0000000000002349      0x2c4 Hardware/Src/Button.o

.debug_aranges  0x0000000000000000      0xd58
 .debug_aranges
                0x0000000000000000       0x58 App/Src/CPPmain.o
 .debug_aranges
                0x0000000000000058       0x20 Core/Src/gpio.o
 .debug_aranges
                0x0000000000000078       0x30 Core/Src/main.o
 .debug_aranges
                0x00000000000000a8       0x20 Core/Src/stm32f1xx_hal_msp.o
 .debug_aranges
                0x00000000000000c8       0x70 Core/Src/stm32f1xx_it.o
 .debug_aranges
                0x0000000000000138       0xa8 Core/Src/syscalls.o
 .debug_aranges
                0x00000000000001e0       0x20 Core/Src/sysmem.o
 .debug_aranges
                0x0000000000000200       0x28 Core/Src/system_stm32f1xx.o
 .debug_aranges
                0x0000000000000228       0x50 Core/Src/tim.o
 .debug_aranges
                0x0000000000000278       0x38 Core/Src/usart.o
 .debug_aranges
                0x00000000000002b0       0x28 Core/Startup/startup_stm32f103c8tx.o
 .debug_aranges
                0x00000000000002d8       0xe0 Drivers/STM32F1xx_HAL_Driver/Src/stm32f1xx_hal.o
 .debug_aranges
                0x00000000000003b8      0x100 Drivers/STM32F1xx_HAL_Driver/Src/stm32f1xx_hal_cortex.o
 .debug_aranges
                0x00000000000004b8       0x80 Drivers/STM32F1xx_HAL_Driver/Src/stm32f1xx_hal_dma.o
 .debug_aranges
                0x0000000000000538       0x58 Drivers/STM32F1xx_HAL_Driver/Src/stm32f1xx_hal_gpio.o
 .debug_aranges
                0x0000000000000590       0x90 Drivers/STM32F1xx_HAL_Driver/Src/stm32f1xx_hal_rcc.o
 .debug_aranges
                0x0000000000000620      0x3d0 Drivers/STM32F1xx_HAL_Driver/Src/stm32f1xx_hal_tim.o
 .debug_aranges
                0x00000000000009f0      0x168 Drivers/STM32F1xx_HAL_Driver/Src/stm32f1xx_hal_tim_ex.o
 .debug_aranges
                0x0000000000000b58      0x1d0 Drivers/STM32F1xx_HAL_Driver/Src/stm32f1xx_hal_uart.o
 .debug_aranges
                0x0000000000000d28       0x30 Hardware/Src/Button.o

.debug_ranges   0x0000000000000000      0xc20
 .debug_ranges  0x0000000000000000       0x48 App/Src/CPPmain.o
 .debug_ranges  0x0000000000000048       0x10 Core/Src/gpio.o
 .debug_ranges  0x0000000000000058       0x20 Core/Src/main.o
 .debug_ranges  0x0000000000000078       0x10 Core/Src/stm32f1xx_hal_msp.o
 .debug_ranges  0x0000000000000088       0x60 Core/Src/stm32f1xx_it.o
 .debug_ranges  0x00000000000000e8       0x98 Core/Src/syscalls.o
 .debug_ranges  0x0000000000000180       0x10 Core/Src/sysmem.o
 .debug_ranges  0x0000000000000190       0x18 Core/Src/system_stm32f1xx.o
 .debug_ranges  0x00000000000001a8       0x40 Core/Src/tim.o
 .debug_ranges  0x00000000000001e8       0x28 Core/Src/usart.o
 .debug_ranges  0x0000000000000210       0x20 Core/Startup/startup_stm32f103c8tx.o
 .debug_ranges  0x0000000000000230       0xd0 Drivers/STM32F1xx_HAL_Driver/Src/stm32f1xx_hal.o
 .debug_ranges  0x0000000000000300       0xf0 Drivers/STM32F1xx_HAL_Driver/Src/stm32f1xx_hal_cortex.o
 .debug_ranges  0x00000000000003f0       0x70 Drivers/STM32F1xx_HAL_Driver/Src/stm32f1xx_hal_dma.o
 .debug_ranges  0x0000000000000460       0x48 Drivers/STM32F1xx_HAL_Driver/Src/stm32f1xx_hal_gpio.o
 .debug_ranges  0x00000000000004a8       0x80 Drivers/STM32F1xx_HAL_Driver/Src/stm32f1xx_hal_rcc.o
 .debug_ranges  0x0000000000000528      0x3c0 Drivers/STM32F1xx_HAL_Driver/Src/stm32f1xx_hal_tim.o
 .debug_ranges  0x00000000000008e8      0x158 Drivers/STM32F1xx_HAL_Driver/Src/stm32f1xx_hal_tim_ex.o
 .debug_ranges  0x0000000000000a40      0x1c0 Drivers/STM32F1xx_HAL_Driver/Src/stm32f1xx_hal_uart.o
 .debug_ranges  0x0000000000000c00       0x20 Hardware/Src/Button.o

.debug_macro    0x0000000000000000    0x1b431
 .debug_macro   0x0000000000000000      0x34e App/Src/CPPmain.o
 .debug_macro   0x000000000000034e      0xb32 App/Src/CPPmain.o
 .debug_macro   0x0000000000000e80       0x22 App/Src/CPPmain.o
 .debug_macro   0x0000000000000ea2       0x1c App/Src/CPPmain.o
 .debug_macro   0x0000000000000ebe       0x22 App/Src/CPPmain.o
 .debug_macro   0x0000000000000ee0       0x8e App/Src/CPPmain.o
 .debug_macro   0x0000000000000f6e       0x51 App/Src/CPPmain.o
 .debug_macro   0x0000000000000fbf       0xef App/Src/CPPmain.o
 .debug_macro   0x00000000000010ae       0x6a App/Src/CPPmain.o
 .debug_macro   0x0000000000001118      0x1df App/Src/CPPmain.o
 .debug_macro   0x00000000000012f7       0x1c App/Src/CPPmain.o
 .debug_macro   0x0000000000001313       0x22 App/Src/CPPmain.o
 .debug_macro   0x0000000000001335       0xc3 App/Src/CPPmain.o
 .debug_macro   0x00000000000013f8      0xd23 App/Src/CPPmain.o
 .debug_macro   0x000000000000211b     0xe097 App/Src/CPPmain.o
 .debug_macro   0x00000000000101b2      0x21b App/Src/CPPmain.o
 .debug_macro   0x00000000000103cd       0x2e App/Src/CPPmain.o
 .debug_macro   0x00000000000103fb       0x43 App/Src/CPPmain.o
 .debug_macro   0x000000000001043e     0x3468 App/Src/CPPmain.o
 .debug_macro   0x00000000000138a6      0x17b App/Src/CPPmain.o
 .debug_macro   0x0000000000013a21       0x5c App/Src/CPPmain.o
 .debug_macro   0x0000000000013a7d      0x5be App/Src/CPPmain.o
 .debug_macro   0x000000000001403b      0x289 App/Src/CPPmain.o
 .debug_macro   0x00000000000142c4      0x1cb App/Src/CPPmain.o
 .debug_macro   0x000000000001448f      0x114 App/Src/CPPmain.o
 .debug_macro   0x00000000000145a3      0x1b2 App/Src/CPPmain.o
 .debug_macro   0x0000000000014755       0x27 App/Src/CPPmain.o
 .debug_macro   0x000000000001477c      0x136 App/Src/CPPmain.o
 .debug_macro   0x00000000000148b2      0x1bc App/Src/CPPmain.o
 .debug_macro   0x0000000000014a6e       0x34 App/Src/CPPmain.o
 .debug_macro   0x0000000000014aa2       0x3c App/Src/CPPmain.o
 .debug_macro   0x0000000000014ade       0x57 App/Src/CPPmain.o
 .debug_macro   0x0000000000014b35       0x88 App/Src/CPPmain.o
 .debug_macro   0x0000000000014bbd      0x241 App/Src/CPPmain.o
 .debug_macro   0x0000000000014dfe      0x141 App/Src/CPPmain.o
 .debug_macro   0x0000000000014f3f      0x8d1 App/Src/CPPmain.o
 .debug_macro   0x0000000000015810      0x26b App/Src/CPPmain.o
 .debug_macro   0x0000000000015a7b       0x83 App/Src/CPPmain.o
 .debug_macro   0x0000000000015afe       0x40 App/Src/CPPmain.o
 .debug_macro   0x0000000000015b3e       0x46 App/Src/CPPmain.o
 .debug_macro   0x0000000000015b84       0x18 App/Src/CPPmain.o
 .debug_macro   0x0000000000015b9c       0x3c App/Src/CPPmain.o
 .debug_macro   0x0000000000015bd8       0x34 App/Src/CPPmain.o
 .debug_macro   0x0000000000015c0c       0x16 App/Src/CPPmain.o
 .debug_macro   0x0000000000015c22       0x35 App/Src/CPPmain.o
 .debug_macro   0x0000000000015c57      0x34d App/Src/CPPmain.o
 .debug_macro   0x0000000000015fa4       0x10 App/Src/CPPmain.o
 .debug_macro   0x0000000000015fb4       0x52 App/Src/CPPmain.o
 .debug_macro   0x0000000000016006       0x1f App/Src/CPPmain.o
 .debug_macro   0x0000000000016025       0x43 App/Src/CPPmain.o
 .debug_macro   0x0000000000016068       0x20 App/Src/CPPmain.o
 .debug_macro   0x0000000000016088      0x1a3 App/Src/CPPmain.o
 .debug_macro   0x000000000001622b       0x10 App/Src/CPPmain.o
 .debug_macro   0x000000000001623b       0x1c App/Src/CPPmain.o
 .debug_macro   0x0000000000016257       0x52 App/Src/CPPmain.o
 .debug_macro   0x00000000000162a9       0x40 App/Src/CPPmain.o
 .debug_macro   0x00000000000162e9       0x10 App/Src/CPPmain.o
 .debug_macro   0x00000000000162f9       0x40 App/Src/CPPmain.o
 .debug_macro   0x0000000000016339       0xd7 App/Src/CPPmain.o
 .debug_macro   0x0000000000016410       0x1c App/Src/CPPmain.o
 .debug_macro   0x000000000001642c       0x3d App/Src/CPPmain.o
 .debug_macro   0x0000000000016469       0x16 App/Src/CPPmain.o
 .debug_macro   0x000000000001647f      0x137 App/Src/CPPmain.o
 .debug_macro   0x00000000000165b6       0x16 App/Src/CPPmain.o
 .debug_macro   0x00000000000165cc      0x1bc Core/Src/gpio.o
 .debug_macro   0x0000000000016788      0xa5a Core/Src/gpio.o
 .debug_macro   0x00000000000171e2      0xd23 Core/Src/gpio.o
 .debug_macro   0x0000000000017f05      0x174 Core/Src/gpio.o
 .debug_macro   0x0000000000018079       0x3a Core/Src/gpio.o
 .debug_macro   0x00000000000180b3      0x32a Core/Src/main.o
 .debug_macro   0x00000000000183dd       0x34 Core/Src/main.o
 .debug_macro   0x0000000000018411       0x35 Core/Src/main.o
 .debug_macro   0x0000000000018446      0x32a Core/Src/main.o
 .debug_macro   0x0000000000018770       0x43 Core/Src/main.o
 .debug_macro   0x00000000000187b3      0x145 Core/Src/main.o
 .debug_macro   0x00000000000188f8      0x1b2 Core/Src/stm32f1xx_hal_msp.o
 .debug_macro   0x0000000000018aaa      0x1bc Core/Src/stm32f1xx_it.o
 .debug_macro   0x0000000000018c66      0x243 Core/Src/syscalls.o
 .debug_macro   0x0000000000018ea9       0x40 Core/Src/syscalls.o
 .debug_macro   0x0000000000018ee9       0x94 Core/Src/syscalls.o
 .debug_macro   0x0000000000018f7d       0x57 Core/Src/syscalls.o
 .debug_macro   0x0000000000018fd4      0x330 Core/Src/syscalls.o
 .debug_macro   0x0000000000019304       0x10 Core/Src/syscalls.o
 .debug_macro   0x0000000000019314       0x10 Core/Src/syscalls.o
 .debug_macro   0x0000000000019324       0x10 Core/Src/syscalls.o
 .debug_macro   0x0000000000019334       0x35 Core/Src/syscalls.o
 .debug_macro   0x0000000000019369      0x122 Core/Src/syscalls.o
 .debug_macro   0x000000000001948b       0x16 Core/Src/syscalls.o
 .debug_macro   0x00000000000194a1       0x16 Core/Src/syscalls.o
 .debug_macro   0x00000000000194b7       0x29 Core/Src/syscalls.o
 .debug_macro   0x00000000000194e0       0x10 Core/Src/syscalls.o
 .debug_macro   0x00000000000194f0      0x241 Core/Src/syscalls.o
 .debug_macro   0x0000000000019731       0x1c Core/Src/syscalls.o
 .debug_macro   0x000000000001974d       0x10 Core/Src/syscalls.o
 .debug_macro   0x000000000001975d      0x189 Core/Src/syscalls.o
 .debug_macro   0x00000000000198e6       0x16 Core/Src/syscalls.o
 .debug_macro   0x00000000000198fc       0x88 Core/Src/syscalls.o
 .debug_macro   0x0000000000019984       0xee Core/Src/sysmem.o
 .debug_macro   0x0000000000019a72      0x23b Core/Src/sysmem.o
 .debug_macro   0x0000000000019cad      0x1a3 Core/Src/system_stm32f1xx.o
 .debug_macro   0x0000000000019e50      0x1bc Core/Src/tim.o
 .debug_macro   0x000000000001a00c      0x318 Core/Src/usart.o
 .debug_macro   0x000000000001a324      0x1c7 Drivers/STM32F1xx_HAL_Driver/Src/stm32f1xx_hal.o
 .debug_macro   0x000000000001a4eb      0x1a3 Drivers/STM32F1xx_HAL_Driver/Src/stm32f1xx_hal_cortex.o
 .debug_macro   0x000000000001a68e      0x1a3 Drivers/STM32F1xx_HAL_Driver/Src/stm32f1xx_hal_dma.o
 .debug_macro   0x000000000001a831      0x20e Drivers/STM32F1xx_HAL_Driver/Src/stm32f1xx_hal_gpio.o
 .debug_macro   0x000000000001aa3f      0x1b5 Drivers/STM32F1xx_HAL_Driver/Src/stm32f1xx_hal_rcc.o
 .debug_macro   0x000000000001abf4      0x1a4 Drivers/STM32F1xx_HAL_Driver/Src/stm32f1xx_hal_tim.o
 .debug_macro   0x000000000001ad98      0x1a3 Drivers/STM32F1xx_HAL_Driver/Src/stm32f1xx_hal_tim_ex.o
 .debug_macro   0x000000000001af3b      0x1a4 Drivers/STM32F1xx_HAL_Driver/Src/stm32f1xx_hal_uart.o
 .debug_macro   0x000000000001b0df      0x352 Hardware/Src/Button.o

.debug_line     0x0000000000000000     0xc334
 .debug_line    0x0000000000000000      0x9c2 App/Src/CPPmain.o
 .debug_line    0x00000000000009c2      0x694 Core/Src/gpio.o
 .debug_line    0x0000000000001056      0x8b6 Core/Src/main.o
 .debug_line    0x000000000000190c      0x684 Core/Src/stm32f1xx_hal_msp.o
 .debug_line    0x0000000000001f90      0x74f Core/Src/stm32f1xx_it.o
 .debug_line    0x00000000000026df      0x74d Core/Src/syscalls.o
 .debug_line    0x0000000000002e2c      0x4d6 Core/Src/sysmem.o
 .debug_line    0x0000000000003302      0x6ab Core/Src/system_stm32f1xx.o
 .debug_line    0x00000000000039ad      0x729 Core/Src/tim.o
 .debug_line    0x00000000000040d6      0x8a7 Core/Src/usart.o
 .debug_line    0x000000000000497d       0x84 Core/Startup/startup_stm32f103c8tx.o
 .debug_line    0x0000000000004a01      0x85e Drivers/STM32F1xx_HAL_Driver/Src/stm32f1xx_hal.o
 .debug_line    0x000000000000525f      0x935 Drivers/STM32F1xx_HAL_Driver/Src/stm32f1xx_hal_cortex.o
 .debug_line    0x0000000000005b94      0xac3 Drivers/STM32F1xx_HAL_Driver/Src/stm32f1xx_hal_dma.o
 .debug_line    0x0000000000006657      0x85a Drivers/STM32F1xx_HAL_Driver/Src/stm32f1xx_hal_gpio.o
 .debug_line    0x0000000000006eb1      0x91e Drivers/STM32F1xx_HAL_Driver/Src/stm32f1xx_hal_rcc.o
 .debug_line    0x00000000000077cf     0x1fb7 Drivers/STM32F1xx_HAL_Driver/Src/stm32f1xx_hal_tim.o
 .debug_line    0x0000000000009786     0x12c5 Drivers/STM32F1xx_HAL_Driver/Src/stm32f1xx_hal_tim_ex.o
 .debug_line    0x000000000000aa4b      0xf9c Drivers/STM32F1xx_HAL_Driver/Src/stm32f1xx_hal_uart.o
 .debug_line    0x000000000000b9e7      0x94d Hardware/Src/Button.o

.debug_str      0x0000000000000000    0x8bdea
 .debug_str     0x0000000000000000    0x87935 App/Src/CPPmain.o
                                      0x87ef7 (size before relaxing)
 .debug_str     0x0000000000087935      0x4af Core/Src/gpio.o
                                      0x832b5 (size before relaxing)
 .debug_str     0x0000000000087de4      0x42a Core/Src/main.o
                                      0x877ec (size before relaxing)
 .debug_str     0x000000000008820e       0x5a Core/Src/stm32f1xx_hal_msp.o
                                      0x82f96 (size before relaxing)
 .debug_str     0x0000000000088268       0xe2 Core/Src/stm32f1xx_it.o
                                      0x8337a (size before relaxing)
 .debug_str     0x000000000008834a     0x11f8 Core/Src/syscalls.o
                                       0x8875 (size before relaxing)
 .debug_str     0x0000000000089542       0x6b Core/Src/sysmem.o
                                       0x5f43 (size before relaxing)
 .debug_str     0x00000000000895ad       0x52 Core/Src/system_stm32f1xx.o
                                      0x82ebe (size before relaxing)
 .debug_str     0x00000000000895ff      0x257 Core/Src/tim.o
                                      0x836e7 (size before relaxing)
 .debug_str     0x0000000000089856       0x8f Core/Src/usart.o
                                      0x87782 (size before relaxing)
 .debug_str     0x00000000000898e5       0x36 Core/Startup/startup_stm32f103c8tx.o
                                         0x73 (size before relaxing)
 .debug_str     0x000000000008991b      0x2ff Drivers/STM32F1xx_HAL_Driver/Src/stm32f1xx_hal.o
                                      0x8354f (size before relaxing)
 .debug_str     0x0000000000089c1a      0x300 Drivers/STM32F1xx_HAL_Driver/Src/stm32f1xx_hal_cortex.o
                                      0x83557 (size before relaxing)
 .debug_str     0x0000000000089f1a      0x235 Drivers/STM32F1xx_HAL_Driver/Src/stm32f1xx_hal_dma.o
                                      0x83299 (size before relaxing)
 .debug_str     0x000000000008a14f      0x302 Drivers/STM32F1xx_HAL_Driver/Src/stm32f1xx_hal_gpio.o
                                      0x83282 (size before relaxing)
 .debug_str     0x000000000008a451      0x244 Drivers/STM32F1xx_HAL_Driver/Src/stm32f1xx_hal_rcc.o
                                      0x832bb (size before relaxing)
 .debug_str     0x000000000008a695      0xcc8 Drivers/STM32F1xx_HAL_Driver/Src/stm32f1xx_hal_tim.o
                                      0x8428d (size before relaxing)
 .debug_str     0x000000000008b35d      0x517 Drivers/STM32F1xx_HAL_Driver/Src/stm32f1xx_hal_tim_ex.o
                                      0x83a67 (size before relaxing)
 .debug_str     0x000000000008b874      0x52e Drivers/STM32F1xx_HAL_Driver/Src/stm32f1xx_hal_uart.o
                                      0x837c1 (size before relaxing)
 .debug_str     0x000000000008bda2       0x48 Hardware/Src/Button.o
                                      0x87e10 (size before relaxing)

.comment        0x0000000000000000       0x7b
 .comment       0x0000000000000000       0x7b App/Src/CPPmain.o
                                         0x7c (size before relaxing)
 .comment       0x000000000000007b       0x7c Core/Src/gpio.o
 .comment       0x000000000000007b       0x7c Core/Src/main.o
 .comment       0x000000000000007b       0x7c Core/Src/stm32f1xx_hal_msp.o
 .comment       0x000000000000007b       0x7c Core/Src/stm32f1xx_it.o
 .comment       0x000000000000007b       0x7c Core/Src/syscalls.o
 .comment       0x000000000000007b       0x7c Core/Src/sysmem.o
 .comment       0x000000000000007b       0x7c Core/Src/system_stm32f1xx.o
 .comment       0x000000000000007b       0x7c Core/Src/tim.o
 .comment       0x000000000000007b       0x7c Core/Src/usart.o
 .comment       0x000000000000007b       0x7c Drivers/STM32F1xx_HAL_Driver/Src/stm32f1xx_hal.o
 .comment       0x000000000000007b       0x7c Drivers/STM32F1xx_HAL_Driver/Src/stm32f1xx_hal_cortex.o
 .comment       0x000000000000007b       0x7c Drivers/STM32F1xx_HAL_Driver/Src/stm32f1xx_hal_dma.o
 .comment       0x000000000000007b       0x7c Drivers/STM32F1xx_HAL_Driver/Src/stm32f1xx_hal_gpio.o
 .comment       0x000000000000007b       0x7c Drivers/STM32F1xx_HAL_Driver/Src/stm32f1xx_hal_rcc.o
 .comment       0x000000000000007b       0x7c Drivers/STM32F1xx_HAL_Driver/Src/stm32f1xx_hal_tim.o
 .comment       0x000000000000007b       0x7c Drivers/STM32F1xx_HAL_Driver/Src/stm32f1xx_hal_tim_ex.o
 .comment       0x000000000000007b       0x7c Drivers/STM32F1xx_HAL_Driver/Src/stm32f1xx_hal_uart.o
 .comment       0x000000000000007b       0x7c Hardware/Src/Button.o

.debug_frame    0x0000000000000000     0x3d9c
 .debug_frame   0x0000000000000000      0x134 App/Src/CPPmain.o
 .debug_frame   0x0000000000000134       0x34 Core/Src/gpio.o
 .debug_frame   0x0000000000000168       0x68 Core/Src/main.o
 .debug_frame   0x00000000000001d0       0x38 Core/Src/stm32f1xx_hal_msp.o
 .debug_frame   0x0000000000000208      0x13c Core/Src/stm32f1xx_it.o
 .debug_frame   0x0000000000000344      0x2ac Core/Src/syscalls.o
 .debug_frame   0x00000000000005f0       0x34 Core/Src/sysmem.o
 .debug_frame   0x0000000000000624       0x58 Core/Src/system_stm32f1xx.o
 .debug_frame   0x000000000000067c      0x114 Core/Src/tim.o
 .debug_frame   0x0000000000000790       0x98 Core/Src/usart.o
 .debug_frame   0x0000000000000828      0x334 Drivers/STM32F1xx_HAL_Driver/Src/stm32f1xx_hal.o
 .debug_frame   0x0000000000000b5c      0x428 Drivers/STM32F1xx_HAL_Driver/Src/stm32f1xx_hal_cortex.o
 .debug_frame   0x0000000000000f84      0x208 Drivers/STM32F1xx_HAL_Driver/Src/stm32f1xx_hal_dma.o
 .debug_frame   0x000000000000118c      0x14c Drivers/STM32F1xx_HAL_Driver/Src/stm32f1xx_hal_gpio.o
 .debug_frame   0x00000000000012d8      0x21c Drivers/STM32F1xx_HAL_Driver/Src/stm32f1xx_hal_rcc.o
 .debug_frame   0x00000000000014f4     0x11b8 Drivers/STM32F1xx_HAL_Driver/Src/stm32f1xx_hal_tim.o
 .debug_frame   0x00000000000026ac      0x638 Drivers/STM32F1xx_HAL_Driver/Src/stm32f1xx_hal_tim_ex.o
 .debug_frame   0x0000000000002ce4      0x834 Drivers/STM32F1xx_HAL_Driver/Src/stm32f1xx_hal_uart.o
 .debug_frame   0x0000000000003518       0x7c Hardware/Src/Button.o
 .debug_frame   0x0000000000003594       0x20 d:/tools/stm32cubeide_1.5.0/stm32cubeide/plugins/com.st.stm32cube.ide.mcu.externaltools.gnu-tools-for-stm32.7-2018-q2-update.win32_1.5.0.202011040924/tools/bin/../lib/gcc/arm-none-eabi/7.3.1/../../../../arm-none-eabi/lib/thumb/v7-m\libstdc++_nano.a(del_ops.o)
 .debug_frame   0x00000000000035b4       0x20 d:/tools/stm32cubeide_1.5.0/stm32cubeide/plugins/com.st.stm32cube.ide.mcu.externaltools.gnu-tools-for-stm32.7-2018-q2-update.win32_1.5.0.202011040924/tools/bin/../lib/gcc/arm-none-eabi/7.3.1/../../../../arm-none-eabi/lib/thumb/v7-m\libstdc++_nano.a(del_op.o)
 .debug_frame   0x00000000000035d4       0x20 d:/tools/stm32cubeide_1.5.0/stm32cubeide/plugins/com.st.stm32cube.ide.mcu.externaltools.gnu-tools-for-stm32.7-2018-q2-update.win32_1.5.0.202011040924/tools/bin/../lib/gcc/arm-none-eabi/7.3.1/../../../../arm-none-eabi/lib/thumb/v7-m\libc_nano.a(lib_a-errno.o)
 .debug_frame   0x00000000000035f4       0x2c d:/tools/stm32cubeide_1.5.0/stm32cubeide/plugins/com.st.stm32cube.ide.mcu.externaltools.gnu-tools-for-stm32.7-2018-q2-update.win32_1.5.0.202011040924/tools/bin/../lib/gcc/arm-none-eabi/7.3.1/../../../../arm-none-eabi/lib/thumb/v7-m\libc_nano.a(lib_a-init.o)
 .debug_frame   0x0000000000003620       0x30 d:/tools/stm32cubeide_1.5.0/stm32cubeide/plugins/com.st.stm32cube.ide.mcu.externaltools.gnu-tools-for-stm32.7-2018-q2-update.win32_1.5.0.202011040924/tools/bin/../lib/gcc/arm-none-eabi/7.3.1/../../../../arm-none-eabi/lib/thumb/v7-m\libc_nano.a(lib_a-malloc.o)
 .debug_frame   0x0000000000003650       0x20 d:/tools/stm32cubeide_1.5.0/stm32cubeide/plugins/com.st.stm32cube.ide.mcu.externaltools.gnu-tools-for-stm32.7-2018-q2-update.win32_1.5.0.202011040924/tools/bin/../lib/gcc/arm-none-eabi/7.3.1/../../../../arm-none-eabi/lib/thumb/v7-m\libc_nano.a(lib_a-memset.o)
 .debug_frame   0x0000000000003670       0x38 d:/tools/stm32cubeide_1.5.0/stm32cubeide/plugins/com.st.stm32cube.ide.mcu.externaltools.gnu-tools-for-stm32.7-2018-q2-update.win32_1.5.0.202011040924/tools/bin/../lib/gcc/arm-none-eabi/7.3.1/../../../../arm-none-eabi/lib/thumb/v7-m\libc_nano.a(lib_a-nano-freer.o)
 .debug_frame   0x00000000000036a8       0x2c d:/tools/stm32cubeide_1.5.0/stm32cubeide/plugins/com.st.stm32cube.ide.mcu.externaltools.gnu-tools-for-stm32.7-2018-q2-update.win32_1.5.0.202011040924/tools/bin/../lib/gcc/arm-none-eabi/7.3.1/../../../../arm-none-eabi/lib/thumb/v7-m\libc_nano.a(lib_a-nano-mallocr.o)